Component: Arm Compiler for Embedded 6.19 Tool: armlink [5e73cb00]

==============================================================================

Section Cross References

    main.o(.text.main) refers to lcd.o(.text.LCD_port_init) for LCD_port_init
    main.o(.text.main) refers to lcd.o(.text.LCD_init) for LCD_init
    main.o(.text.main) refers to motion.o(.text.GPIO_init) for GPIO_init
    main.o(.text.main) refers to accelerometer.o(.text.SPI_Port_Init) for SPI_Port_Init
    main.o(.text.main) refers to accelerometer.o(.text.setCS) for setCS
    main.o(.text.main) refers to accelerometer.o(.text.SPI_Init) for SPI_Init
    main.o(.text.main) refers to accelerometer.o(.text.accelerometer_Init) for accelerometer_Init
    main.o(.text.main) refers to accelerometer.o(.text.accelerometer_Read_Axis) for accelerometer_Read_Axis
    main.o(.text.main) refers to accelerometer.o(.bss.preX) for preX
    main.o(.text.main) refers to accelerometer.o(.bss.preY) for preY
    main.o(.text.main) refers to accelerometer.o(.bss.preZ) for preZ
    main.o(.text.main) refers to light_sensor.o(.text.LightSensor_Init) for LightSensor_Init
    main.o(.text.main) refers to lcd.o(.text.delay) for delay
    main.o(.text.main) refers to lcd.o(.text.LCD_clearDisplay) for LCD_clearDisplay
    main.o(.text.main) refers to lcd.o(.text.LCD_placeCursor) for LCD_placeCursor
    main.o(.text.main) refers to main.o(.rodata.str1.1) for .L.str
    main.o(.text.main) refers to lcd.o(.text.LCD_printString) for LCD_printString
    main.o(.text.main) refers to main.o(.bss.system_state) for system_state
    main.o(.text.main) refers to light_sensor.o(.text.light_sensor_handler) for light_sensor_handler
    main.o(.text.main) refers to main.o(.bss.motion_triggered) for motion_triggered
    main.o(.text.main) refers to lcd.o(.text.check_BF) for check_BF
    main.o(.text.main) refers to motion.o(.text.motion_detected) for motion_detected
    main.o(.text.main) refers to ultrasonic.o(.text.Ultrasonic_init) for Ultrasonic_init
    main.o(.text.main) refers to ultrasonic.o(.text.Ultrasonic_init_PWM) for Ultrasonic_init_PWM
    main.o(.text.main) refers to ultrasonic.o(.text.Ultrasonic_init_input_capture) for Ultrasonic_init_input_capture
    main.o(.text.main) refers to accelerometer.o(.text.accelerometer_handler) for accelerometer_handler
    main.o(.text.main) refers to motion.o(.text.motion_sensor_handler) for motion_sensor_handler
    main.o(.ARM.exidx.text.main) refers to main.o(.text.main) for [Anonymous Symbol]
    ultrasonic.o(.ARM.exidx.text.Ultrasonic_init) refers to ultrasonic.o(.text.Ultrasonic_init) for [Anonymous Symbol]
    ultrasonic.o(.ARM.exidx.text.Ultrasonic_init_PWM) refers to ultrasonic.o(.text.Ultrasonic_init_PWM) for [Anonymous Symbol]
    ultrasonic.o(.text.Ultrasonic_init_input_capture) refers to ultrasonic.o(.text.__NVIC_SetPriority) for __NVIC_SetPriority
    ultrasonic.o(.text.Ultrasonic_init_input_capture) refers to ultrasonic.o(.text.__NVIC_ClearPendingIRQ) for __NVIC_ClearPendingIRQ
    ultrasonic.o(.text.Ultrasonic_init_input_capture) refers to ultrasonic.o(.text.__NVIC_EnableIRQ) for __NVIC_EnableIRQ
    ultrasonic.o(.ARM.exidx.text.Ultrasonic_init_input_capture) refers to ultrasonic.o(.text.Ultrasonic_init_input_capture) for [Anonymous Symbol]
    ultrasonic.o(.ARM.exidx.text.__NVIC_SetPriority) refers to ultrasonic.o(.text.__NVIC_SetPriority) for [Anonymous Symbol]
    ultrasonic.o(.ARM.exidx.text.__NVIC_ClearPendingIRQ) refers to ultrasonic.o(.text.__NVIC_ClearPendingIRQ) for [Anonymous Symbol]
    ultrasonic.o(.ARM.exidx.text.__NVIC_EnableIRQ) refers to ultrasonic.o(.text.__NVIC_EnableIRQ) for [Anonymous Symbol]
    ultrasonic.o(.text.TIM3_IRQHandler) refers to ultrasonic.o(.bss.count) for count
    ultrasonic.o(.text.TIM3_IRQHandler) refers to ultrasonic.o(.bss.begTime) for begTime
    ultrasonic.o(.text.TIM3_IRQHandler) refers to ultrasonic.o(.bss.pulse) for pulse
    ultrasonic.o(.text.TIM3_IRQHandler) refers to dflt_clz.o(x$fpl$dfltu) for __aeabi_ui2d
    ultrasonic.o(.text.TIM3_IRQHandler) refers to ddiv.o(x$fpl$ddiv) for __aeabi_ddiv
    ultrasonic.o(.text.TIM3_IRQHandler) refers to ultrasonic.o(.bss.echoPulseSec) for echoPulseSec
    ultrasonic.o(.text.TIM3_IRQHandler) refers to dmul.o(x$fpl$dmul) for __aeabi_dmul
    ultrasonic.o(.text.TIM3_IRQHandler) refers to ultrasonic.o(.bss.distance) for distance
    ultrasonic.o(.text.TIM3_IRQHandler) refers to dfix.o(x$fpl$dfix) for __aeabi_d2iz
    ultrasonic.o(.text.TIM3_IRQHandler) refers to ultrasonic.o(.bss.int_distance) for int_distance
    ultrasonic.o(.text.TIM3_IRQHandler) refers to ultrasonic.o(.text.Proxy_Distance) for Proxy_Distance
    ultrasonic.o(.ARM.exidx.text.TIM3_IRQHandler) refers to ultrasonic.o(.text.TIM3_IRQHandler) for [Anonymous Symbol]
    ultrasonic.o(.text.Proxy_Distance) refers to ultrasonic.o(.data.closest_distance) for closest_distance
    ultrasonic.o(.text.Proxy_Distance) refers to ultrasonic.o(.bss.threat_level) for threat_level
[...]
    .ARM.Collect$$libinit$$00000034          0x080002ae   Section        0  libinit2.o(.ARM.Collect$$libinit$$00000034)
    .ARM.Collect$$libinit$$00000035          0x080002ae   Section        2  libinit2.o(.ARM.Collect$$libinit$$00000035)
    .ARM.Collect$$libshutdown$$00000000      0x080002b0   Section        2  libshutdown.o(.ARM.Collect$$libshutdown$$00000000)
    .ARM.Collect$$libshutdown$$00000002      0x080002b2   Section        0  libshutdown2.o(.ARM.Collect$$libshutdown$$00000002)
    .ARM.Collect$$libshutdown$$00000004      0x080002b2   Section        0  libshutdown2.o(.ARM.Collect$$libshutdown$$00000004)
    .ARM.Collect$$libshutdown$$00000007      0x080002b2   Section        0  libshutdown2.o(.ARM.Collect$$libshutdown$$00000007)
    .ARM.Collect$$libshutdown$$0000000A      0x080002b2   Section        0  libshutdown2.o(.ARM.Collect$$libshutdown$$0000000A)
    .ARM.Collect$$libshutdown$$0000000C      0x080002b2   Section        0  libshutdown2.o(.ARM.Collect$$libshutdown$$0000000C)
    .ARM.Collect$$libshutdown$$0000000F      0x080002b2   Section        0  libshutdown2.o(.ARM.Collect$$libshutdown$$0000000F)
    .ARM.Collect$$libshutdown$$00000010      0x080002b2   Section        2  libshutdown2.o(.ARM.Collect$$libshutdown$$00000010)
    .ARM.Collect$$rtentry$$00000000          0x080002b4   Section        0  __rtentry.o(.ARM.Collect$$rtentry$$00000000)
    .ARM.Collect$$rtentry$$00000002          0x080002b4   Section        0  __rtentry2.o(.ARM.Collect$$rtentry$$00000002)
    .ARM.Collect$$rtentry$$00000004          0x080002b4   Section        6  __rtentry4.o(.ARM.Collect$$rtentry$$00000004)
    .ARM.Collect$$rtentry$$00000009          0x080002ba   Section        0  __rtentry2.o(.ARM.Collect$$rtentry$$00000009)
    .ARM.Collect$$rtentry$$0000000A          0x080002ba   Section        4  __rtentry2.o(.ARM.Collect$$rtentry$$0000000A)
    .ARM.Collect$$rtentry$$0000000C          0x080002be   Section        0  __rtentry2.o(.ARM.Collect$$rtentry$$0000000C)
    .ARM.Collect$$rtentry$$0000000D          0x080002be   Section        8  __rtentry2.o(.ARM.Collect$$rtentry$$0000000D)
    .ARM.Collect$$rtexit$$00000000           0x080002c6   Section        2  rtexit.o(.ARM.Collect$$rtexit$$00000000)
    .ARM.Collect$$rtexit$$00000002           0x080002c8   Section        0  rtexit2.o(.ARM.Collect$$rtexit$$00000002)
    .ARM.Collect$$rtexit$$00000003           0x080002c8   Section        4  rtexit2.o(.ARM.Collect$$rtexit$$00000003)
    .ARM.Collect$$rtexit$$00000004           0x080002cc   Section        6  rtexit2.o(.ARM.Collect$$rtexit$$00000004)
    $v0                                      0x080002d4   Number         0  startup_stm32f407xx.o(.text)
    .text                                    0x080002d4   Section       64  startup_stm32f407xx.o(.text)
    .text                                    0x08000314   Section        0  sprintf.o(.text)
    .text                                    0x08000340   Section        0  abs.o(.text)
    .text                                    0x08000348   Section        0  heapauxi.o(.text)
    .text                                    0x0800034e   Section        0  _printf_pad.o(.text)
    .text                                    0x0800039c   Section        0  _printf_truncate.o(.text)
    .text                                    0x080003c0   Section        0  _printf_str.o(.text)
    .text                                    0x08000414   Section        0  _printf_dec.o(.text)
    .text                                    0x0800048c   Section        0  _printf_charcount.o(.text)
    _printf_input_char                       0x080004b5   Thumb Code    10  _printf_char_common.o(.text)
    .text                                    0x080004b4   Section        0  _printf_char_common.o(.text)
    .text                                    0x080004e4   Section        0  _sputc.o(.text)
    .text                                    0x080004f0   Section        0  _printf_wctomb.o(.text)
    .text                                    0x080005ac   Section        0  _printf_longlong_dec.o(.text)
    _printf_longlong_oct_internal            0x08000629   Thumb Code     0  _printf_oct_int_ll.o(.text)
    .text                                    0x08000628   Section        0  _printf_oct_int_ll.o(.text)
    _printf_hex_common                       0x08000699   Thumb Code     0  _printf_hex_int_ll_ptr.o(.text)
    .text                                    0x08000698   Section        0  _printf_hex_int_ll_ptr.o(.text)
    .text                                    0x0800072c   Section        0  __printf_flags_ss_wp.o(.text)
    .text                                    0x080008b4   Section      138  lludiv10.o(.text)
    .text                                    0x0800093e   Section        0  _printf_intcommon.o(.text)
    _fp_digits                               0x080009f1   Thumb Code   432  _printf_fp_dec.o(.text)
    .text                                    0x080009f0   Section        0  _printf_fp_dec.o(.text)
    .text                                    0x08000e0c   Section        0  _printf_fp_hex.o(.text)
    .text                                    0x08001108   Section        0  _printf_char.o(.text)
    .text                                    0x08001134   Section        0  _printf_wchar.o(.text)
    .text                                    0x08001160   Section        0  _c16rtomb.o(.text)
    .text                                    0x080011a8   Section       74  sys_stackheap_outer.o(.text)
    .text                                    0x080011f4   Section       16  rt_ctype_table.o(.text)
    .text                                    0x08001204   Section        8  rt_locale_intlibspace.o(.text)
    .text                                    0x0800120c   Section        0  _printf_fp_infnan.o(.text)
    .text                                    0x0800128c   Section        0  bigflt0.o(.text)
    .text                                    0x08001370   Section        0  exit.o(.text)
    .text                                    0x08001384   Section        8  libspace.o(.text)
    .text                                    0x08001390   Section      124  strcmpv7em.o(.text)
    .text                                    0x0800140c   Section        0  sys_exit.o(.text)
    .text                                    0x08001418   Section        2  use_no_semi.o(.text)
    .text                                    0x0800141a   Section        0  indicate_semi.o(.text)
    [Anonymous Symbol]                       0x0800141c   Section        0  light_sensor.o(.text.ADC_Config)
    [Anonymous Symbol]                       0x080014dc   Section        0  light_sensor.o(.text.ADC_Read)
    [Anonymous Symbol]                       0x08001510   Section        0  buzzer.o(.text.Beep_Timer_Init)
    [Anonymous Symbol]                       0x0800155c   Section        0  buzzer.o(.text.Buzzer_Init)
    [Anonymous Symbol]                       0x080015fc   Section        0  motion.o(.text.GPIO_init)
    [Anonymous Symbol]                       0x08001664   Section        0  lcd.o(.text.LCD_clearDisplay)
    [Anonymous Symbol]                       0x08001670   Section        0  lcd.o(.text.LCD_init)
    [Anonymous Symbol]                       0x080017a4   Section        0  lcd.o(.text.LCD_placeCursor)
    [Anonymous Symbol]                       0x080017d4   Section        0  lcd.o(.text.LCD_port_init)
    [Anonymous Symbol]                       0x080017f8   Section        0  lcd.o(.text.LCD_printInt)
    [Anonymous Symbol]                       0x08001834   Section        0  lcd.o(.text.LCD_printString)
    [Anonymous Symbol]                       0x0800187c   Section        0  lcd.o(.text.LCD_sendData)
    [Anonymous Symbol]                       0x08001998   Section        0  lcd.o(.text.LCD_sendInstr)
    [Anonymous Symbol]                       0x08001ab4   Section        0  lcd.o(.text.LCD_sendInstr_NBF)
    [Anonymous Symbol]                       0x08001bec   Section        0  light_sensor.o(.text.LED_Control)
    [Anonymous Symbol]                       0x08001c28   Section        0  led_matrix.o(.text.LED_On)
    [Anonymous Symbol]                       0x08001c80   Section        0  light_sensor.o(.text.LightSensor_Init)
    [Anonymous Symbol]                       0x08001c88   Section        0  ultrasonic.o(.text.Proxy_Distance)
    [Anonymous Symbol]                       0x08001ee4   Section        0  accelerometer.o(.text.SPI_Init)
    [Anonymous Symbol]                       0x08001f18   Section        0  accelerometer.o(.text.SPI_Port_Init)
    [Anonymous Symbol]                       0x08001f8c   Section        0  accelerometer.o(.text.SPI_Send)
    [Anonymous Symbol]                       0x08001fdc   Section        0  system_stm32f4xx.o(.text.SystemInit)
    [Anonymous Symbol]                       0x08001ff0   Section        0  buzzer.o(.text.TIM2_IRQHandler)
    [Anonymous Symbol]                       0x080020b8   Section        0  ultrasonic.o(.text.TIM3_IRQHandler)
    [Anonymous Symbol]                       0x08002238   Section        0  led_matrix.o(.text.TIM5_IRQHandler)
    [Anonymous Symbol]                       0x0800227c   Section        0  led_matrix.o(.text.TIM5_Init)
    [Anonymous Symbol]                       0x0800231c   Section        0  ultrasonic.o(.text.Ultrasonic_init)
    [Anonymous Symbol]                       0x08002370   Section        0  ultrasonic.o(.text.Ultrasonic_init_PWM)
    [Anonymous Symbol]                       0x080023d8   Section        0  ultrasonic.o(.text.Ultrasonic_init_input_capture)
    __NVIC_ClearPendingIRQ                   0x080024b5   Thumb Code    48  ultrasonic.o(.text.__NVIC_ClearPendingIRQ)
    [Anonymous Symbol]                       0x080024b4   Section        0  ultrasonic.o(.text.__NVIC_ClearPendingIRQ)
    __NVIC_EnableIRQ                         0x080024e5   Thumb Code    48  ultrasonic.o(.text.__NVIC_EnableIRQ)
    [Anonymous Symbol]                       0x080024e4   Section        0  ultrasonic.o(.text.__NVIC_EnableIRQ)
    __NVIC_EnableIRQ                         0x08002515   Thumb Code    48  led_matrix.o(.text.__NVIC_EnableIRQ)
    [Anonymous Symbol]                       0x08002514   Section        0  led_matrix.o(.text.__NVIC_EnableIRQ)
    __NVIC_EnableIRQ                         0x08002545   Thumb Code    48  buzzer.o(.text.__NVIC_EnableIRQ)
    [Anonymous Symbol]                       0x08002544   Section        0  buzzer.o(.text.__NVIC_EnableIRQ)
    __NVIC_SetPriority                       0x08002575   Thumb Code    66  ultrasonic.o(.text.__NVIC_SetPriority)
    [Anonymous Symbol]                       0x08002574   Section        0  ultrasonic.o(.text.__NVIC_SetPriority)
    [Anonymous Symbol]                       0x080025b8   Section        0  accelerometer.o(.text.accelerometer_Init)
    [Anonymous Symbol]                       0x080025d4   Section        0  accelerometer.o(.text.accelerometer_Read_Axis)
    [Anonymous Symbol]                       0x08002620   Section        0  accelerometer.o(.text.accelerometer_Write_Register)
    [Anonymous Symbol]                       0x08002650   Section        0  accelerometer.o(.text.accelerometer_handler)
    [Anonymous Symbol]                       0x08002774   Section        0  lcd.o(.text.check_BF)
    [Anonymous Symbol]                       0x080027e4   Section        0  lcd.o(.text.clear_PIN)
    [Anonymous Symbol]                       0x08002804   Section        0  lcd.o(.text.delay)
    [Anonymous Symbol]                       0x08002828   Section        0  light_sensor.o(.text.light_pulse)
    [Anonymous Symbol]                       0x08002844   Section        0  light_sensor.o(.text.light_sensor_handler)
    [Anonymous Symbol]                       0x08002870   Section        0  main.o(.text.main)
    [Anonymous Symbol]                       0x08002a48   Section        0  motion.o(.text.motion_detected)
    [Anonymous Symbol]                       0x08002a58   Section        0  motion.o(.text.motion_sensor_handler)
    [Anonymous Symbol]                       0x08002af0   Section        0  accelerometer.o(.text.setCS)
    [Anonymous Symbol]                       0x08002b2c   Section        0  lcd.o(.text.set_PIN)
    CL$$btod_d2e                             0x08002b4a   Section       62  btod.o(CL$$btod_d2e)
    CL$$btod_d2e_denorm_low                  0x08002b88   Section       70  btod.o(CL$$btod_d2e_denorm_low)
    CL$$btod_d2e_norm_op1                    0x08002bce   Section       96  btod.o(CL$$btod_d2e_norm_op1)
    CL$$btod_div_common                      0x08002c30   Section      824  btod.o(CL$$btod_div_common)
    CL$$btod_e2e                             0x08002f68   Section      220  btod.o(CL$$btod_e2e)
    CL$$btod_ediv                            0x08003044   Section       42  btod.o(CL$$btod_ediv)
    CL$$btod_emul                            0x0800306e   Section       42  btod.o(CL$$btod_emul)
    CL$$btod_mult_common                     0x08003098   Section      580  btod.o(CL$$btod_mult_common)
    i.__ARM_fpclassify                       0x080032dc   Section        0  fpclassify.o(i.__ARM_fpclassify)
    i._is_digit                              0x0800330c   Section        0  __printf_wp.o(i._is_digit)
    locale$$code                             0x0800331c   Section       44  lc_numeric_c.o(locale$$code)
    locale$$code                             0x08003348   Section       44  lc_ctype_c.o(locale$$code)
    $v0                                      0x08003374   Number         0  ddiv.o(x$fpl$ddiv)
    x$fpl$ddiv                               0x08003374   Section      692  ddiv.o(x$fpl$ddiv)
    ddiv_entry                               0x0800337b   Thumb Code     0  ddiv.o(x$fpl$ddiv)
    $v0                                      0x08003628   Number         0  dfix.o(x$fpl$dfix)
    x$fpl$dfix                               0x08003628   Section       94  dfix.o(x$fpl$dfix)
    $v0                                      0x08003686   Number         0  dflt_clz.o(x$fpl$dfltu)
    x$fpl$dfltu                              0x08003686   Section       38  dflt_clz.o(x$fpl$dfltu)
    $v0                                      0x080036ac   Number         0  dmul.o(x$fpl$dmul)
    x$fpl$dmul                               0x080036ac   Section      340  dmul.o(x$fpl$dmul)
    $v0                                      0x08003800   Number         0  dnaninf.o(x$fpl$dnaninf)
    x$fpl$dnaninf                            0x08003800   Section      156  dnaninf.o(x$fpl$dnaninf)
    $v0                                      0x0800389c   Number         0  dretinf.o(x$fpl$dretinf)
    x$fpl$dretinf                            0x0800389c   Section       12  dretinf.o(x$fpl$dretinf)
    $v0                                      0x080038a8   Number         0  fpinit.o(x$fpl$fpinit)
    x$fpl$fpinit                             0x080038a8   Section       26  fpinit.o(x$fpl$fpinit)
    $v0                                      0x080038c2   Number         0  printf1.o(x$fpl$printf1)
    x$fpl$printf1                            0x080038c2   Section        4  printf1.o(x$fpl$printf1)
    $v0                                      0x080038c6   Number         0  printf2.o(x$fpl$printf2)
    x$fpl$printf2                            0x080038c6   Section        4  printf2.o(x$fpl$printf2)
    x$fpl$usenofp                            0x080038ca   Section        0  usenofp.o(x$fpl$usenofp)
    initial_mbstate                          0x080038cc   Data           8  _printf_wctomb.o(.constdata)
    .constdata                               0x080038cc   Section        8  _printf_wctomb.o(.constdata)
    uc_hextab                                0x080038d4   Data          20  _printf_hex_int_ll_ptr.o(.constdata)
    .constdata                               0x080038d4   Section       40  _printf_hex_int_ll_ptr.o(.constdata)
    lc_hextab                                0x080038e8   Data          20  _printf_hex_int_ll_ptr.o(.constdata)
    maptable                                 0x080038fc   Data          17  __printf_flags_ss_wp.o(.constdata)
    .constdata                               0x080038fc   Section       17  __printf_flags_ss_wp.o(.constdata)
    lc_hextab                                0x0800390d   Data          19  _printf_fp_hex.o(.constdata)
    .constdata                               0x0800390d   Section       38  _printf_fp_hex.o(.constdata)
    uc_hextab                                0x08003920   Data          19  _printf_fp_hex.o(.constdata)
    tenpwrs_x                                0x08003934   Data          60  bigflt0.o(.constdata)
    .constdata                               0x08003934   Section      148  bigflt0.o(.constdata)
    tenpwrs_i                                0x08003970   Data          64  bigflt0.o(.constdata)
    .L.str.5                                 0x080039c8   Data          17  main.o(.rodata.str1.1)
    [Anonymous Symbol]                       0x080039c8   Section        0  main.o(.rodata.str1.1)
    .L.str.2                                 0x080039d9   Data          17  main.o(.rodata.str1.1)
    .L.str                                   0x080039ea   Data          17  main.o(.rodata.str1.1)
    .L.str.4                                 0x080039fb   Data          17  main.o(.rodata.str1.1)
    .L.str.3                                 0x08003a0c   Data          17  main.o(.rodata.str1.1)
    .L.str.1                                 0x08003a1d   Data          17  main.o(.rodata.str1.1)
    .L.str.1                                 0x08003a2e   Data          17  ultrasonic.o(.rodata.str1.1)
    [Anonymous Symbol]                       0x08003a2e   Section        0  ultrasonic.o(.rodata.str1.1)
    .L.str.4                                 0x08003a3f   Data          11  ultrasonic.o(.rodata.str1.1)
    .L.str                                   0x08003a4a   Data          17  ultrasonic.o(.rodata.str1.1)
    .L.str.5                                 0x08003a5b   Data           5  ultrasonic.o(.rodata.str1.1)
    .L.str.3                                 0x08003a60   Data          16  ultrasonic.o(.rodata.str1.1)
    .L.str.2                                 0x08003a70   Data          16  ultrasonic.o(.rodata.str1.1)
    .L.str                                   0x08003a80   Data           3  lcd.o(.rodata.str1.1)
    [Anonymous Symbol]                       0x08003a80   Section        0  lcd.o(.rodata.str1.1)
    locale$$data                             0x08003aa4   Section       28  lc_numeric_c.o(locale$$data)
    __lcnum_c_name                           0x08003aa8   Data           2  lc_numeric_c.o(locale$$data)
    __lcnum_c_start                          0x08003ab0   Data           0  lc_numeric_c.o(locale$$data)
    __lcnum_c_point                          0x08003abc   Data           0  lc_numeric_c.o(locale$$data)
    __lcnum_c_thousands                      0x08003abe   Data           0  lc_numeric_c.o(locale$$data)
    __lcnum_c_grouping                       0x08003abf   Data           0  lc_numeric_c.o(locale$$data)
    __lcnum_c_end                            0x08003ac0   Data           0  lc_numeric_c.o(locale$$data)
    locale$$data                             0x08003ac0   Section      272  lc_ctype_c.o(locale$$data)
    __lcctype_c_name                         0x08003ac4   Data           2  lc_ctype_c.o(locale$$data)
    __lcctype_c_start                        0x08003acc   Data           0  lc_ctype_c.o(locale$$data)
    __lcctype_c_end                          0x08003bd0   Data           0  lc_ctype_c.o(locale$$data)
    Proxy_Distance.last_displayed_distance   0x20000000   Data           4  ultrasonic.o(.data.Proxy_Distance.last_displayed_distance)
    [Anonymous Symbol]                       0x20000000   Section        0  ultrasonic.o(.data.Proxy_Distance.last_displayed_distance)
    .bss                                     0x20000010   Section       96  libspace.o(.bss)
    TIM5_togglePin                           0x20000070   Data           4  led_matrix.o(.bss.TIM5_togglePin)
    [Anonymous Symbol]                       0x20000070   Section        0  led_matrix.o(.bss.TIM5_togglePin)
    motion_sensor_handler.active             0x200000a4   Data           1  motion.o(.bss.motion_sensor_handler.active)
    [Anonymous Symbol]                       0x200000a4   Section        0  motion.o(.bss.motion_sensor_handler.active)
    motion_sensor_handler.motion_timer       0x200000a8   Data           4  motion.o(.bss.motion_sensor_handler.motion_timer)
    [Anonymous Symbol]                       0x200000a8   Section        0  motion.o(.bss.motion_sensor_handler.motion_timer)
    Heap_Mem                                 0x200000c0   Data         512  startup_stm32f407xx.o(HEAP)
    HEAP                                     0x200000c0   Section      512  startup_stm32f407xx.o(HEAP)
    Stack_Mem                                0x200002c0   Data        1024  startup_stm32f407xx.o(STACK)
    STACK                                    0x200002c0   Section     1024  startup_stm32f407xx.o(STACK)
    __initial_sp                             0x200006c0   Data           0  startup_stm32f407xx.o(STACK)

    Global Symbols

    Symbol Name                              Value     Ov Type        Size  Object(Section)

    BuildAttributes$$THM_ISAv4$E$P$D$K$B$S$7EM$VFPi3$EXTD16$VFPS$VFMA$PE$A:L22UL41UL21$X:L11$S22US41US21$IEEE1$IW$~IW$USESV6$~STKCKD$USESV7$~SHL$OTIME$ROPI$IEEEJ$EBA8$UX$STANDARDLIB$REQ8$PRES8$EABIv2 0x00000000   Number         0  anon$$obj.o ABSOLUTE
    _printf_flags                            0x00000000   Number         0  printf_stubs.o ABSOLUTE
    _printf_return_value                     0x00000000   Number         0  printf_stubs.o ABSOLUTE
    _printf_sizespec                         0x00000000   Number         0  printf_stubs.o ABSOLUTE
    _printf_widthprec                        0x00000000   Number         0  printf_stubs.o ABSOLUTE
    __ARM_exceptions_init                     - Undefined Weak Reference
    __alloca_initialize                       - Undefined Weak Reference
    __arm_preinit_                            - Undefined Weak Reference
    __arm_relocate_pie_                       - Undefined Weak Reference
    __cpp_initialize__aeabi_                  - Undefined Weak Reference
    __cxa_finalize                            - Undefined Weak Reference
    __sigvec_lookup                           - Undefined Weak Reference
    _atexit_init                              - Undefined Weak Reference
    _call_atexit_fns                          - Undefined Weak Reference
    _clock_init                               - Undefined Weak Reference
    _fp_trap_init                             - Undefined Weak Reference
    _fp_trap_shutdown                         - Undefined Weak Reference
    _get_lc_collate                           - Undefined Weak Reference
    _get_lc_monetary                          - Undefined Weak Reference
    _get_lc_time                              - Undefined Weak Reference
    _getenv_init                              - Undefined Weak Reference
    _handle_redirection                       - Undefined Weak Reference
    _init_alloc                               - Undefined Weak Reference
    _init_user_alloc                          - Undefined Weak Reference
    _initio                                   - Undefined Weak Reference
    _printf_mbtowc                            - Undefined Weak Reference
    _printf_wc                                - Undefined Weak Reference
    _rand_init                                - Undefined Weak Reference
    _signal_finish                            - Undefined Weak Reference
    _signal_init                              - Undefined Weak Reference
    _terminate_alloc                          - Undefined Weak Reference
    _terminate_user_alloc                     - Undefined Weak Reference
    _terminateio                              - Undefined Weak Reference
    __Vectors_Size                           0x00000188   Number         0  startup_stm32f407xx.o ABSOLUTE
    __Vectors                                0x08000000   Data           4  startup_stm32f407xx.o(RESET)
    __Vectors_End                            0x08000188   Data           0  startup_stm32f407xx.o(RESET)
    __main                                   0x08000189   Thumb Code     8  __main.o(!!!main)
    __scatterload                            0x08000191   Thumb Code     0  __scatter.o(!!!scatter)
    __scatterload_rt2                        0x08000191   Thumb Code    44  __scatter.o(!!!scatter)
    __scatterload_rt2_thumb_only             0x08000191   Thumb Code     0  __scatter.o(!!!scatter)
    __scatterload_null                       0x0800019f   Thumb Code     0  __scatter.o(!!!scatter)
    __scatterload_copy                       0x080001c5   Thumb Code    26  __scatter_copy.o(!!handler_copy)
    __scatterload_zeroinit                   0x080001e1   Thumb Code    28  __scatter_zi.o(!!handler_zi)
    _printf_n                                0x080001fd   Thumb Code     0  _printf_n.o(.ARM.Collect$$_printf_percent$$00000001)
    _printf_percent                          0x080001fd   Thumb Code     0  _printf_percent.o(.ARM.Collect$$_printf_percent$$00000000)
    _printf_p                                0x08000203   Thumb Code     0  _printf_p.o(.ARM.Collect$$_printf_percent$$00000002)
    _printf_f                                0x08000209   Thumb Code     0  _printf_f.o(.ARM.Collect$$_printf_percent$$00000003)
    _printf_e                                0x0800020f   Thumb Code     0  _printf_e.o(.ARM.Collect$$_printf_percent$$00000004)
    _printf_g                                0x08000215   Thumb Code     0  _printf_g.o(.ARM.Collect$$_printf_percent$$00000005)
    _printf_a                                0x0800021b   Thumb Code     0  _printf_a.o(.ARM.Collect$$_printf_percent$$00000006)
    _printf_ll                               0x08000221   Thumb Code     0  _printf_ll.o(.ARM.Collect$$_printf_percent$$00000007)
    _printf_i                                0x0800022b   Thumb Code     0  _printf_i.o(.ARM.Collect$$_printf_percent$$00000008)
    _printf_d                                0x08000231   Thumb Code     0  _printf_d.o(.ARM.Collect$$_printf_percent$$00000009)
    _printf_u                                0x08000237   Thumb Code     0  _printf_u.o(.ARM.Collect$$_printf_percent$$0000000A)
    _printf_o                                0x0800023d   Thumb Code     0  _printf_o.o(.ARM.Collect$$_printf_percent$$0000000B)
    _printf_x                                0x08000243   Thumb Code     0  _printf_x.o(.ARM.Collect$$_printf_percent$$0000000C)
    _printf_lli                              0x08000249   Thumb Code     0  _printf_lli.o(.ARM.Collect$$_printf_percent$$0000000D)
    _printf_lld                              0x0800024f   Thumb Code     0  _printf_lld.o(.ARM.Collect$$_printf_percent$$0000000E)
    _printf_llu                              0x08000255   Thumb Code     0  _printf_llu.o(.ARM.Collect$$_printf_percent$$0000000F)
    _printf_llo                              0x0800025b   Thumb Code     0  _printf_llo.o(.ARM.Collect$$_printf_percent$$00000010)
    _printf_llx                              0x08000261   Thumb Code     0  _printf_llx.o(.ARM.Collect$$_printf_percent$$00000011)
    _printf_l                                0x08000267   Thumb Code     0  _printf_l.o(.ARM.Collect$$_printf_percent$$00000012)
    _printf_c                                0x08000271   Thumb Code     0  _printf_c.o(.ARM.Collect$$_printf_percent$$00000013)
    _printf_s                                0x08000277   Thumb Code     0  _printf_s.o(.ARM.Collect$$_printf_percent$$00000014)
    _printf_lc                               0x0800027d   Thumb Code     0  _printf_lc.o(.ARM.Collect$$_printf_percent$$00000015)
    _printf_ls                               0x08000283   Thumb Code     0  _printf_ls.o(.ARM.Collect$$_printf_percent$$00000016)
    _printf_percent_end                      0x08000289   Thumb Code     0  _printf_percent_end.o(.ARM.Collect$$_printf_percent$$00000017)
    __rt_lib_init                            0x0800028d   Thumb Code     0  libinit.o(.ARM.Collect$$libinit$$00000000)
    __rt_lib_init_fp_1                       0x0800028f   Thumb Code     0  libinit2.o(.ARM.Collect$$libinit$$00000001)
    __rt_lib_init_heap_1                     0x08000293   Thumb Code     0  libinit2.o(.ARM.Collect$$libinit$$0000000C)
    __rt_lib_init_lc_common                  0x08000293   Thumb Code     0  libinit2.o(.ARM.Collect$$libinit$$00000011)
    __rt_lib_init_preinit_1                  0x08000293   Thumb Code     0  libinit2.o(.ARM.Collect$$libinit$$00000006)
    __rt_lib_init_rand_1                     0x08000293   Thumb Code     0  libinit2.o(.ARM.Collect$$libinit$$00000010)
    __rt_lib_init_relocate_pie_1             0x08000293   Thumb Code     0  libinit2.o(.ARM.Collect$$libinit$$00000004)
    __rt_lib_init_user_alloc_1               0x08000293   Thumb Code     0  libinit2.o(.ARM.Collect$$libinit$$0000000E)
    __rt_lib_init_lc_collate_1               0x08000299   Thumb Code     0  libinit2.o(.ARM.Collect$$libinit$$00000013)
    __rt_lib_init_lc_ctype_2                 0x08000299   Thumb Code     0  libinit2.o(.ARM.Collect$$libinit$$00000014)
    __rt_lib_init_lc_ctype_1                 0x080002a5   Thumb Code     0  libinit2.o(.ARM.Collect$$libinit$$00000015)
    __rt_lib_init_lc_monetary_1              0x080002a5   Thumb Code     0  libinit2.o(.ARM.Collect$$libinit$$00000017)
    __rt_lib_init_lc_numeric_2               0x080002a5   Thumb Code     0  libinit2.o(.ARM.Collect$$libinit$$00000018)
    __rt_lib_init_alloca_1                   0x080002af   Thumb Code     0  libinit2.o(.ARM.Collect$$libinit$$00000030)
    __rt_lib_init_argv_1                     0x080002af   Thumb Code     0  libinit2.o(.ARM.Collect$$libinit$$0000002E)
    __rt_lib_init_atexit_1                   0x080002af   Thumb Code     0  libinit2.o(.ARM.Collect$$libinit$$0000001D)
    __rt_lib_init_clock_1                    0x080002af   Thumb Code     0  libinit2.o(.ARM.Collect$$libinit$$00000023)
    __rt_lib_init_cpp_1                      0x080002af   Thumb Code     0  libinit2.o(.ARM.Collect$$libinit$$00000034)
    __rt_lib_init_exceptions_1               0x080002af   Thumb Code     0  libinit2.o(.ARM.Collect$$libinit$$00000032)
    __rt_lib_init_fp_trap_1                  0x080002af   Thumb Code     0  libinit2.o(.ARM.Collect$$libinit$$00000021)
    __rt_lib_init_getenv_1                   0x080002af   Thumb Code     0  libinit2.o(.ARM.Collect$$libinit$$00000025)
    __rt_lib_init_lc_numeric_1               0x080002af   Thumb Code     0  libinit2.o(.ARM.Collect$$libinit$$00000019)
    __rt_lib_init_lc_time_1                  0x080002af   Thumb Code     0  libinit2.o(.ARM.Collect$$libinit$$0000001B)
    __rt_lib_init_return                     0x080002af   Thumb Code     0  libinit2.o(.ARM.Collect$$libinit$$00000035)
    __rt_lib_init_signal_1                   0x080002af   Thumb Code     0  libinit2.o(.ARM.Collect$$libinit$$0000001F)
    __rt_lib_init_stdio_1                    0x080002af   Thumb Code     0  libinit2.o(.ARM.Collect$$libinit$$00000027)
    __rt_lib_shutdown                        0x080002b1   Thumb Code     0  libshutdown.o(.ARM.Collect$$libshutdown$$00000000)
    __rt_lib_shutdown_cpp_1                  0x080002b3   Thumb Code     0  libshutdown2.o(.ARM.Collect$$libshutdown$$00000002)
    __rt_lib_shutdown_fp_trap_1              0x080002b3   Thumb Code     0  libshutdown2.o(.ARM.Collect$$libshutdown$$00000007)
    __rt_lib_shutdown_heap_1                 0x080002b3   Thumb Code     0  libshutdown2.o(.ARM.Collect$$libshutdown$$0000000F)
    __rt_lib_shutdown_return                 0x080002b3   Thumb Code     0  libshutdown2.o(.ARM.Collect$$libshutdown$$00000010)
    __rt_lib_shutdown_signal_1               0x080002b3   Thumb Code     0  libshutdown2.o(.ARM.Collect$$libshutdown$$0000000A)
    __rt_lib_shutdown_stdio_1                0x080002b3   Thumb Code     0  libshutdown2.o(.ARM.Collect$$libshutdown$$00000004)
    __rt_lib_shutdown_user_alloc_1           0x080002b3   Thumb Code     0  libshutdown2.o(.ARM.Collect$$libshutdown$$0000000C)
    __rt_entry                               0x080002b5   Thumb Code     0  __rtentry.o(.ARM.Collect$$rtentry$$00000000)
    __rt_entry_presh_1                       0x080002b5   Thumb Code     0  __rtentry2.o(.ARM.Collect$$rtentry$$00000002)
    __rt_entry_sh                            0x080002b5   Thumb Code     0  __rtentry4.o(.ARM.Collect$$rtentry$$00000004)
    __rt_entry_li                            0x080002bb   Thumb Code     0  __rtentry2.o(.ARM.Collect$$rtentry$$0000000A)
    __rt_entry_postsh_1                      0x080002bb   Thumb Code     0  __rtentry2.o(.ARM.Collect$$rtentry$$00000009)
    __rt_entry_main                          0x080002bf   Thumb Code     0  __rtentry2.o(.ARM.Collect$$rtentry$$0000000D)
    __rt_entry_postli_1                      0x080002bf   Thumb Code     0  __rtentry2.o(.ARM.Collect$$rtentry$$0000000C)
    __rt_exit                                0x080002c7   Thumb Code     0  rtexit.o(.ARM.Collect$$rtexit$$00000000)
    __rt_exit_ls                             0x080002c9   Thumb Code     0  rtexit2.o(.ARM.Collect$$rtexit$$00000003)
    __rt_exit_prels_1                        0x080002c9   Thumb Code     0  rtexit2.o(.ARM.Collect$$rtexit$$00000002)
    __rt_exit_exit                           0x080002cd   Thumb Code     0  rtexit2.o(.ARM.Collect$$rtexit$$00000004)
    Reset_Handler                            0x080002d5   Thumb Code     8  startup_stm32f407xx.o(.text)
    NMI_Handler                              0x080002dd   Thumb Code     2  startup_stm32f407xx.o(.text)
    HardFault_Handler                        0x080002df   Thumb Code     2  startup_stm32f407xx.o(.text)
    MemManage_Handler                        0x080002e1   Thumb Code     2  startup_stm32f407xx.o(.text)
    BusFault_Handler                         0x080002e3   Thumb Code     2  startup_stm32f407xx.o(.text)
    UsageFault_Handler                       0x080002e5   Thumb Code     2  startup_stm32f407xx.o(.text)
    SVC_Handler                              0x080002e7   Thumb Code     2  startup_stm32f407xx.o(.text)
    DebugMon_Handler                         0x080002e9   Thumb Code     2  startup_stm32f407xx.o(.text)
    PendSV_Handler                           0x080002eb   Thumb Code     2  startup_stm32f407xx.o(.text)
    SysTick_Handler                          0x080002ed   Thumb Code     2  startup_stm32f407xx.o(.text)
    ADC_IRQHandler                           0x080002ef   Thumb Code     0  startup_stm32f407xx.o(.text)
    CAN1_RX0_IRQHandler                      0x080002ef   Thumb Code     0  startup_stm32f407xx.o(.text)
    CAN1_RX1_IRQHandler                      0x080002ef   Thumb Code     0  startup_stm32f407xx.o(.text)
    CAN1_SCE_IRQHandler                      0x080002ef   Thumb Code     0  startup_stm32f407xx.o(.text)
    CAN1_TX_IRQHandler                       0x080002ef   Thumb Code     0  startup_stm32f407xx.o(.text)
    CAN2_RX0_IRQHandler                      0x080002ef   Thumb Code     0  startup_stm32f407xx.o(.text)
    CAN2_RX1_IRQHandler                      0x080002ef   Thumb Code     0  startup_stm32f407xx.o(.text)
    CAN2_SCE_IRQHandler                      0x080002ef   Thumb Code     0  startup_stm32f407xx.o(.text)
    CAN2_TX_IRQHandler                       0x080002ef   Thumb Code     0  startup_stm32f407xx.o(.text)
    DCMI_IRQHandler                          0x080002ef   Thumb Code     0  startup_stm32f407xx.o(.text)
    DMA1_Stream0_IRQHandler                  0x080002ef   Thumb Code     0  startup_stm32f407xx.o(.text)
    DMA1_Stream1_IRQHandler                  0x080002ef   Thumb Code     0  startup_stm32f407xx.o(.text)
    DMA1_Stream2_IRQHandler                  0x080002ef   Thumb Code     0  startup_stm32f407xx.o(.text)
    DMA1_Stream3_IRQHandler                  0x080002ef   Thumb Code     0  startup_stm32f407xx.o(.text)
    DMA1_Stream4_IRQHandler                  0x080002ef   Thumb Code     0  startup_stm32f407xx.o(.text)
    DMA1_Stream5_IRQHandler                  0x080002ef   Thumb Code     0  startup_stm32f407xx.o(.text)
    DMA1_Stream6_IRQHandler                  0x080002ef   Thumb Code     0  startup_stm32f407xx.o(.text)
    DMA1_Stream7_IRQHandler                  0x080002ef   Thumb Code     0  startup_stm32f407xx.o(.text)
    DMA2_Stream0_IRQHandler                  0x080002ef   Thumb Code     0  startup_stm32f407xx.o(.text)
    DMA2_Stream1_IRQHandler                  0x080002ef   Thumb Code     0  startup_stm32f407xx.o(.text)
    DMA2_Stream2_IRQHandler                  0x080002ef   Thumb Code     0  startup_stm32f407xx.o(.text)
    DMA2_Stream3_IRQHandler                  0x080002ef   Thumb Code     0  startup_stm32f407xx.o(.text)
    DMA2_Stream4_IRQHandler                  0x080002ef   Thumb Code     0  startup_stm32f407xx.o(.text)
    DMA2_Stream5_IRQHandler                  0x080002ef   Thumb Code     0  startup_stm32f407xx.o(.text)
    DMA2_Stream6_IRQHandler                  0x080002ef   Thumb Code     0  startup_stm32f407xx.o(.text)
    DMA2_Stream7_IRQHandler                  0x080002ef   Thumb Code     0  startup_stm32f407xx.o(.text)
    ETH_IRQHandler                           0x080002ef   Thumb Code     0  startup_stm32f407xx.o(.text)
    ETH_WKUP_IRQHandler                      0x080002ef   Thumb Code     0  startup_stm32f407xx.o(.text)
    EXTI0_IRQHandler                         0x080002ef   Thumb Code     0  startup_stm32f407xx.o(.text)
    EXTI15_10_IRQHandler                     0x080002ef   Thumb Code     0  startup_stm32f407xx.o(.text)
    EXTI1_IRQHandler                         0x080002ef   Thumb Code     0  startup_stm32f407xx.o(.text)
    EXTI2_IRQHandler                         0x080002ef   Thumb Code     0  startup_stm32f407xx.o(.text)
    EXTI3_IRQHandler                         0x080002ef   Thumb Code     0  startup_stm32f407xx.o(.text)
    EXTI4_IRQHandler                         0x080002ef   Thumb Code     0  startup_stm32f407xx.o(.text)
    EXTI9_5_IRQHandler                       0x080002ef   Thumb Code     0  startup_stm32f407xx.o(.text)
    FLASH_IRQHandler                         0x080002ef   Thumb Code     0  startup_stm32f407xx.o(.text)
    FMC_IRQHandler                           0x080002ef   Thumb Code     0  startup_stm32f407xx.o(.text)
    FPU_IRQHandler                           0x080002ef   Thumb Code     0  startup_stm32f407xx.o(.text)
    HASH_RNG_IRQHandler                      0x080002ef   Thumb Code     0  startup_stm32f407xx.o(.text)
    I2C1_ER_IRQHandler                       0x080002ef   Thumb Code     0  startup_stm32f407xx.o(.text)
    I2C1_EV_IRQHandler                       0x080002ef   Thumb Code     0  startup_stm32f407xx.o(.text)
    I2C2_ER_IRQHandler                       0x080002ef   Thumb Code     0  startup_stm32f407xx.o(.text)
    I2C2_EV_IRQHandler                       0x080002ef   Thumb Code     0  startup_stm32f407xx.o(.text)
    I2C3_ER_IRQHandler                       0x080002ef   Thumb Code     0  startup_stm32f407xx.o(.text)
    I2C3_EV_IRQHandler                       0x080002ef   Thumb Code     0  startup_stm32f407xx.o(.text)
    OTG_FS_IRQHandler                        0x080002ef   Thumb Code     0  startup_stm32f407xx.o(.text)
    OTG_FS_WKUP_IRQHandler                   0x080002ef   Thumb Code     0  startup_stm32f407xx.o(.text)
    OTG_HS_EP1_IN_IRQHandler                 0x080002ef   Thumb Code     0  startup_stm32f407xx.o(.text)
    OTG_HS_EP1_OUT_IRQHandler                0x080002ef   Thumb Code     0  startup_stm32f407xx.o(.text)
    OTG_HS_IRQHandler                        0x080002ef   Thumb Code     0  startup_stm32f407xx.o(.text)
    OTG_HS_WKUP_IRQHandler                   0x080002ef   Thumb Code     0  startup_stm32f407xx.o(.text)
    PVD_IRQHandler                           0x080002ef   Thumb Code     0  startup_stm32f407xx.o(.text)
    RCC_IRQHandler                           0x080002ef   Thumb Code     0  startup_stm32f407xx.o(.text)
    RTC_Alarm_IRQHandler                     0x080002ef   Thumb Code     0  startup_stm32f407xx.o(.text)
    RTC_WKUP_IRQHandler                      0x080002ef   Thumb Code     0  startup_stm32f407xx.o(.text)
    SDIO_IRQHandler                          0x080002ef   Thumb Code     0  startup_stm32f407xx.o(.text)
    SPI1_IRQHandler                          0x080002ef   Thumb Code     0  startup_stm32f407xx.o(.text)
    SPI2_IRQHandler                          0x080002ef   Thumb Code     0  startup_stm32f407xx.o(.text)
    SPI3_IRQHandler                          0x080002ef   Thumb Code     0  startup_stm32f407xx.o(.text)
    TAMP_STAMP_IRQHandler                    0x080002ef   Thumb Code     0  startup_stm32f407xx.o(.text)
    TIM1_BRK_TIM9_IRQHandler                 0x080002ef   Thumb Code     0  startup_stm32f407xx.o(.text)
    TIM1_CC_IRQHandler                       0x080002ef   Thumb Code     0  startup_stm32f407xx.o(.text)
    TIM1_TRG_COM_TIM11_IRQHandler            0x080002ef   Thumb Code     0  startup_stm32f407xx.o(.text)
    TIM1_UP_TIM10_IRQHandler                 0x080002ef   Thumb Code     0  startup_stm32f407xx.o(.text)
    TIM4_IRQHandler                          0x080002ef   Thumb Code     0  startup_stm32f407xx.o(.text)
    TIM6_DAC_IRQHandler                      0x080002ef   Thumb Code     0  startup_stm32f407xx.o(.text)
    TIM7_IRQHandler                          0x080002ef   Thumb Code     0  startup_stm32f407xx.o(.text)
    TIM8_BRK_TIM12_IRQHandler                0x080002ef   Thumb Code     0  startup_stm32f407xx.o(.text)
    TIM8_CC_IRQHandler                       0x080002ef   Thumb Code     0  startup_stm32f407xx.o(.text)
    TIM8_TRG_COM_TIM14_IRQHandler            0x080002ef   Thumb Code     0  startup_stm32f407xx.o(.text)
    TIM8_UP_TIM13_IRQHandler                 0x080002ef   Thumb Code     0  startup_stm32f407xx.o(.text)
    UART4_IRQHandler                         0x080002ef   Thumb Code     0  startup_stm32f407xx.o(.text)
    UART5_IRQHandler                         0x080002ef   Thumb Code     0  startup_stm32f407xx.o(.text)
    USART1_IRQHandler                        0x080002ef   Thumb Code     0  startup_stm32f407xx.o(.text)
    USART2_IRQHandler                        0x080002ef   Thumb Code     0  startup_stm32f407xx.o(.text)
    USART3_IRQHandler                        0x080002ef   Thumb Code     0  startup_stm32f407xx.o(.text)
    USART6_IRQHandler                        0x080002ef   Thumb Code     0  startup_stm32f407xx.o(.text)
    WWDG_IRQHandler                          0x080002ef   Thumb Code     0  startup_stm32f407xx.o(.text)
    __user_initial_stackheap                 0x080002f1   Thumb Code     0  startup_stm32f407xx.o(.text)
    sprintf                                  0x08000315   Thumb Code    38  sprintf.o(.text)
    abs                                      0x08000341   Thumb Code     8  abs.o(.text)
    __use_two_region_memory                  0x08000349   Thumb Code     2  heapauxi.o(.text)
    __rt_heap_escrow$2region                 0x0800034b   Thumb Code     2  heapauxi.o(.text)
    __rt_heap_expand$2region                 0x0800034d   Thumb Code     2  heapauxi.o(.text)
    _printf_pre_padding                      0x0800034f   Thumb Code    44  _printf_pad.o(.text)
    _printf_post_padding                     0x0800037b   Thumb Code    34  _printf_pad.o(.text)
    _printf_truncate_signed                  0x0800039d   Thumb Code    18  _printf_truncate.o(.text)
    _printf_truncate_unsigned                0x080003af   Thumb Code    18  _printf_truncate.o(.text)
    _printf_str                              0x080003c1   Thumb Code    82  _printf_str.o(.text)
    _printf_int_dec                          0x08000415   Thumb Code   104  _printf_dec.o(.text)
    _printf_charcount                        0x0800048d   Thumb Code    40  _printf_charcount.o(.text)
    _printf_char_common                      0x080004bf   Thumb Code    32  _printf_char_common.o(.text)
    _sputc                                   0x080004e5   Thumb Code    10  _sputc.o(.text)
    _printf_wctomb                           0x080004f1   Thumb Code   182  _printf_wctomb.o(.text)
    _printf_longlong_dec                     0x080005ad   Thumb Code   108  _printf_longlong_dec.o(.text)
    _printf_longlong_oct                     0x08000629   Thumb Code    68  _printf_oct_int_ll.o(.text)
    _printf_int_oct                          0x0800066d   Thumb Code    24  _printf_oct_int_ll.o(.text)
    _printf_ll_oct                           0x08000685   Thumb Code    12  _printf_oct_int_ll.o(.text)
    _printf_longlong_hex                     0x08000699   Thumb Code    86  _printf_hex_int_ll_ptr.o(.text)
    _printf_int_hex                          0x080006ef   Thumb Code    28  _printf_hex_int_ll_ptr.o(.text)
    _printf_ll_hex                           0x0800070b   Thumb Code    12  _printf_hex_int_ll_ptr.o(.text)
    _printf_hex_ptr                          0x08000717   Thumb Code    18  _printf_hex_int_ll_ptr.o(.text)
    __printf                                 0x0800072d   Thumb Code   388  __printf_flags_ss_wp.o(.text)
    _ll_udiv10                               0x080008b5   Thumb Code   138  lludiv10.o(.text)
    _printf_int_common                       0x0800093f   Thumb Code   178  _printf_intcommon.o(.text)
    _printf_fp_dec_real                      0x08000ba1   Thumb Code   620  _printf_fp_dec.o(.text)
    _printf_fp_hex_real                      0x08000e0d   Thumb Code   756  _printf_fp_hex.o(.text)
    _printf_cs_common                        0x08001109   Thumb Code    20  _printf_char.o(.text)
    _printf_char                             0x0800111d   Thumb Code    16  _printf_char.o(.text)
    _printf_string                           0x0800112d   Thumb Code     8  _printf_char.o(.text)
    _printf_lcs_common                       0x08001135   Thumb Code    20  _printf_wchar.o(.text)
    _printf_wchar                            0x08001149   Thumb Code    16  _printf_wchar.o(.text)
    _printf_wstring                          0x08001159   Thumb Code     8  _printf_wchar.o(.text)
    _c16rtomb                                0x08001161   Thumb Code    72  _c16rtomb.o(.text)
    _wcrtomb                                 0x08001161   Thumb Code     0  _c16rtomb.o(.text)
    __user_setup_stackheap                   0x080011a9   Thumb Code    74  sys_stackheap_outer.o(.text)
    __rt_ctype_table                         0x080011f5   Thumb Code    16  rt_ctype_table.o(.text)
    __rt_locale                              0x08001205   Thumb Code     8  rt_locale_intlibspace.o(.text)
    _printf_fp_infnan                        0x0800120d   Thumb Code   112  _printf_fp_infnan.o(.text)
    _btod_etento                             0x0800128d   Thumb Code   224  bigflt0.o(.text)
    exit                                     0x08001371   Thumb Code    18  exit.o(.text)
    __user_libspace                          0x08001385   Thumb Code     8  libspace.o(.text)
    __user_perproc_libspace                  0x08001385   Thumb Code     0  libspace.o(.text)
    __user_perthread_libspace                0x08001385   Thumb Code     0  libspace.o(.text)
    strcmp                                   0x08001391   Thumb Code   124  strcmpv7em.o(.text)
    _sys_exit                                0x0800140d   Thumb Code     8  sys_exit.o(.text)
    __I$use$semihosting                      0x08001419   Thumb Code     0  use_no_semi.o(.text)
    __use_no_semihosting_swi                 0x08001419   Thumb Code     2  use_no_semi.o(.text)
    __semihosting_library_function           0x0800141b   Thumb Code     0  indicate_semi.o(.text)
    ADC_Config                               0x0800141d   Thumb Code   192  light_sensor.o(.text.ADC_Config)
    ADC_Read                                 0x080014dd   Thumb Code    52  light_sensor.o(.text.ADC_Read)
    Beep_Timer_Init                          0x08001511   Thumb Code    76  buzzer.o(.text.Beep_Timer_Init)
    Buzzer_Init                              0x0800155d   Thumb Code   160  buzzer.o(.text.Buzzer_Init)
    GPIO_init                                0x080015fd   Thumb Code   104  motion.o(.text.GPIO_init)
    LCD_clearDisplay                         0x08001665   Thumb Code    10  lcd.o(.text.LCD_clearDisplay)
    LCD_init                                 0x08001671   Thumb Code   308  lcd.o(.text.LCD_init)
    LCD_placeCursor                          0x080017a5   Thumb Code    48  lcd.o(.text.LCD_placeCursor)
    LCD_port_init                            0x080017d5   Thumb Code    36  lcd.o(.text.LCD_port_init)
    LCD_printInt                             0x080017f9   Thumb Code    58  lcd.o(.text.LCD_printInt)
    LCD_printString                          0x08001835   Thumb Code    70  lcd.o(.text.LCD_printString)
    LCD_sendData                             0x0800187d   Thumb Code   284  lcd.o(.text.LCD_sendData)
    LCD_sendInstr                            0x08001999   Thumb Code   284  lcd.o(.text.LCD_sendInstr)
    LCD_sendInstr_NBF                        0x08001ab5   Thumb Code   312  lcd.o(.text.LCD_sendInstr_NBF)
    LED_Control                              0x08001bed   Thumb Code    60  light_sensor.o(.text.LED_Control)
    LED_On                                   0x08001c29   Thumb Code    86  led_matrix.o(.text.LED_On)
    LightSensor_Init                         0x08001c81   Thumb Code     8  light_sensor.o(.text.LightSensor_Init)
    Proxy_Distance                           0x08001c89   Thumb Code   604  ultrasonic.o(.text.Proxy_Distance)
    SPI_Init                                 0x08001ee5   Thumb Code    50  accelerometer.o(.text.SPI_Init)
    SPI_Port_Init                            0x08001f19   Thumb Code   114  accelerometer.o(.text.SPI_Port_Init)
    SPI_Send                                 0x08001f8d   Thumb Code    78  accelerometer.o(.text.SPI_Send)
    SystemInit                               0x08001fdd   Thumb Code    18  system_stm32f4xx.o(.text.SystemInit)
    TIM2_IRQHandler                          0x08001ff1   Thumb Code   194  buzzer.o(.text.TIM2_IRQHandler)
    TIM3_IRQHandler                          0x080020b9   Thumb Code   384  ultrasonic.o(.text.TIM3_IRQHandler)
    TIM5_IRQHandler                          0x08002239   Thumb Code    66  led_matrix.o(.text.TIM5_IRQHandler)
    TIM5_Init                                0x0800227d   Thumb Code   160  led_matrix.o(.text.TIM5_Init)
    Ultrasonic_init                          0x0800231d   Thumb Code    82  ultrasonic.o(.text.Ultrasonic_init)
    Ultrasonic_init_PWM                      0x08002371   Thumb Code   104  ultrasonic.o(.text.Ultrasonic_init_PWM)
    Ultrasonic_init_input_capture            0x080023d9   Thumb Code   218  ultrasonic.o(.text.Ultrasonic_init_input_capture)
    accelerometer_Init                       0x080025b9   Thumb Code    28  accelerometer.o(.text.accelerometer_Init)
    accelerometer_Read_Axis                  0x080025d5   Thumb Code    74  accelerometer.o(.text.accelerometer_Read_Axis)
    accelerometer_Write_Register             0x08002621   Thumb Code    48  accelerometer.o(.text.accelerometer_Write_Register)
    accelerometer_handler                    0x08002651   Thumb Code   290  accelerometer.o(.text.accelerometer_handler)
    check_BF                                 0x08002775   Thumb Code   112  lcd.o(.text.check_BF)
    clear_PIN                                0x080027e5   Thumb Code    30  lcd.o(.text.clear_PIN)
    delay                                    0x08002805   Thumb Code    34  lcd.o(.text.delay)
    light_pulse                              0x08002829   Thumb Code    26  light_sensor.o(.text.light_pulse)
    light_sensor_handler                     0x08002845   Thumb Code    42  light_sensor.o(.text.light_sensor_handler)
    main                                     0x08002871   Thumb Code   470  main.o(.text.main)
    motion_detected                          0x08002a49   Thumb Code    14  motion.o(.text.motion_detected)
    motion_sensor_handler                    0x08002a59   Thumb Code   150  motion.o(.text.motion_sensor_handler)
    setCS                                    0x08002af1   Thumb Code    60  accelerometer.o(.text.setCS)
    set_PIN                                  0x08002b2d   Thumb Code    30  lcd.o(.text.set_PIN)
    _btod_d2e                                0x08002b4b   Thumb Code    62  btod.o(CL$$btod_d2e)
    _d2e_denorm_low                          0x08002b89   Thumb Code    70  btod.o(CL$$btod_d2e_denorm_low)
    _d2e_norm_op1                            0x08002bcf   Thumb Code    96  btod.o(CL$$btod_d2e_norm_op1)
    __btod_div_common                        0x08002c31   Thumb Code   696  btod.o(CL$$btod_div_common)
    _e2e                                     0x08002f69   Thumb Code   220  btod.o(CL$$btod_e2e)
    _btod_ediv                               0x08003045   Thumb Code    42  btod.o(CL$$btod_ediv)
    _btod_emul                               0x0800306f   Thumb Code    42  btod.o(CL$$btod_emul)
    __btod_mult_common                       0x08003099   Thumb Code   580  btod.o(CL$$btod_mult_common)
    __ARM_fpclassify                         0x080032dd   Thumb Code    48  fpclassify.o(i.__ARM_fpclassify)
    _is_digit                                0x0800330d   Thumb Code    14  __printf_wp.o(i._is_digit)
    _get_lc_numeric                          0x0800331d   Thumb Code    44  lc_numeric_c.o(locale$$code)
    _get_lc_ctype                            0x08003349   Thumb Code    44  lc_ctype_c.o(locale$$code)
    __aeabi_ddiv                             0x08003375   Thumb Code     0  ddiv.o(x$fpl$ddiv)
    _ddiv                                    0x08003375   Thumb Code   556  ddiv.o(x$fpl$ddiv)
    __aeabi_d2iz                             0x08003629   Thumb Code     0  dfix.o(x$fpl$dfix)
    _dfix                                    0x08003629   Thumb Code    94  dfix.o(x$fpl$dfix)
    __aeabi_ui2d                             0x08003687   Thumb Code     0  dflt_clz.o(x$fpl$dfltu)
    _dfltu                                   0x08003687   Thumb Code    38  dflt_clz.o(x$fpl$dfltu)
    __aeabi_dmul                             0x080036ad   Thumb Code     0  dmul.o(x$fpl$dmul)
    _dmul                                    0x080036ad   Thumb Code   332  dmul.o(x$fpl$dmul)
    __fpl_dnaninf                            0x08003801   Thumb Code   156  dnaninf.o(x$fpl$dnaninf)
    __fpl_dretinf                            0x0800389d   Thumb Code    12  dretinf.o(x$fpl$dretinf)
    _fp_init                                 0x080038a9   Thumb Code    26  fpinit.o(x$fpl$fpinit)
    __fplib_config_fpu_vfp                   0x080038c1   Thumb Code     0  fpinit.o(x$fpl$fpinit)
    __fplib_config_pureend_doubles           0x080038c1   Thumb Code     0  fpinit.o(x$fpl$fpinit)
    _printf_fp_dec                           0x080038c3   Thumb Code     4  printf1.o(x$fpl$printf1)
    _printf_fp_hex                           0x080038c7   Thumb Code     4  printf2.o(x$fpl$printf2)
    __I$use$fp                               0x080038ca   Number         0  usenofp.o(x$fpl$usenofp)
    Region$$Table$$Base                      0x08003a84   Number         0  anon$$obj.o(Region$$Table)
    Region$$Table$$Limit                     0x08003aa4   Number         0  anon$$obj.o(Region$$Table)
    __ctype                                  0x08003acd   Data           0  lc_ctype_c.o(locale$$data)
    closest_distance                         0x20000004   Data           4  ultrasonic.o(.data.closest_distance)
    last_threat_level                        0x20000008   Data           4  ultrasonic.o(.data.last_threat_level)
    __libspace_start                         0x20000010   Data          96  libspace.o(.bss)
    __temporary_stack_top$libspace           0x20000070   Data           0  libspace.o(.bss)
    begTime                                  0x20000074   Data           4  ultrasonic.o(.bss.begTime)
    buzz_high                                0x20000078   Data           4  buzzer.o(.bss.buzz_high)
    buzz_low                                 0x2000007c   Data           4  buzzer.o(.bss.buzz_low)
    buzz_power                               0x20000080   Data           4  buzzer.o(.bss.buzz_power)
    buzzer_state                             0x20000084   Data           1  buzzer.o(.bss.buzzer_state)
    count                                    0x20000088   Data           4  ultrasonic.o(.bss.count)
    distance                                 0x20000090   Data           8  ultrasonic.o(.bss.distance)
    echoPulseSec                             0x20000098   Data           8  ultrasonic.o(.bss.echoPulseSec)
    int_distance                             0x200000a0   Data           4  ultrasonic.o(.bss.int_distance)
    motion_triggered                         0x200000ac   Data           1  main.o(.bss.motion_triggered)
    preX                                     0x200000ae   Data           2  accelerometer.o(.bss.preX)
    preY                                     0x200000b0   Data           2  accelerometer.o(.bss.preY)
    preZ                                     0x200000b2   Data           2  accelerometer.o(.bss.preZ)
    pul                                      0x200000b4   Data           1  light_sensor.o(.bss.pul)
    pulse                                    0x200000b8   Data           4  ultrasonic.o(.bss.pulse)
    system_state                             0x200000bc   Data           1  main.o(.bss.system_state)
    threat_level                             0x200000bd   Data           1  ultrasonic.o(.bss.threat_level)



==============================================================================

Memory Map of the image

  Image Entry point : 0x080002d5

  Load Region LR_1 (Base: 0x08000000, Size: 0x00003bdc, Max: 0xffffffff, ABSOLUTE)

    Execution Region ER_RO (Exec base: 0x08000000, Load base: 0x08000000, Size: 0x00003bd0, Max: 0xffffffff, ABSOLUTE)

    Exec Addr    Load Addr    Size         Type   Attr      Idx    E Section Name        Object

    0x08000000   0x08000000   0x00000188   Data   RO          187    RESET               startup_stm32f407xx.o
    0x08000188   0x08000188   0x00000008   Code   RO          216  * !!!main             c_w.l(__main.o)
    0x08000190   0x08000190   0x00000034   Code   RO          573    !!!scatter          c_w.l(__scatter.o)
    0x080001c4   0x080001c4   0x0000001a   Code   RO          575    !!handler_copy      c_w.l(__scatter_copy.o)
    0x080001de   0x080001de   0x00000002   PAD
    0x080001e0   0x080001e0   0x0000001c   Code   RO          577    !!handler_zi        c_w.l(__scatter_zi.o)
    0x080001fc   0x080001fc   0x00000000   Code   RO          316    .ARM.Collect$$_printf_percent$$00000000  c_w.l(_printf_percent.o)
    0x080001fc   0x080001fc   0x00000006   Code   RO          305    .ARM.Collect$$_printf_percent$$00000001  c_w.l(_printf_n.o)
    0x08000202   0x08000202   0x00000006   Code   RO          307    .ARM.Collect$$_printf_percent$$00000002  c_w.l(_printf_p.o)
    0x08000208   0x08000208   0x00000006   Code   RO          312    .ARM.Collect$$_printf_percent$$00000003  c_w.l(_printf_f.o)
    0x0800020e   0x0800020e   0x00000006   Code   RO          313    .ARM.Collect$$_printf_percent$$00000004  c_w.l(_printf_e.o)
    0x08000214   0x08000214   0x00000006   Code   RO          314    .ARM.Collect$$_printf_percent$$00000005  c_w.l(_printf_g.o)
    0x0800021a   0x0800021a   0x00000006   Code   RO          315    .ARM.Collect$$_printf_percent$$00000006  c_w.l(_printf_a.o)
    0x08000220   0x08000220   0x0000000a   Code   RO          320    .ARM.Collect$$_printf_percent$$00000007  c_w.l(_printf_ll.o)
    0x0800022a   0x0800022a   0x00000006   Code   RO          309    .ARM.Collect$$_printf_percent$$00000008  c_w.l(_printf_i.o)
    0x08000230   0x08000230   0x00000006   Code   RO          310    .ARM.Collect$$_printf_percent$$00000009  c_w.l(_printf_d.o)
    0x08000236   0x08000236   0x00000006   Code   RO          311    .ARM.Collect$$_printf_percent$$0000000A  c_w.l(_printf_u.o)
    0x0800023c   0x0800023c   0x00000006   Code   RO          308    .ARM.Collect$$_printf_percent$$0000000B  c_w.l(_printf_o.o)
    0x08000242   0x08000242   0x00000006   Code   RO          306    .ARM.Collect$$_printf_percent$$0000000C  c_w.l(_printf_x.o)
    0x08000248   0x08000248   0x00000006   Code   RO          317    .ARM.Collect$$_printf_percent$$0000000D  c_w.l(_printf_lli.o)
    0x0800024e   0x0800024e   0x00000006   Code   RO          318    .ARM.Collect$$_printf_percent$$0000000E  c_w.l(_printf_lld.o)
    0x08000254   0x08000254   0x00000006   Code   RO          319    .ARM.Collect$$_printf_percent$$0000000F  c_w.l(_printf_llu.o)
    0x0800025a   0x0800025a   0x00000006   Code   RO          324    .ARM.Collect$$_printf_percent$$00000010  c_w.l(_printf_llo.o)
    0x08000260   0x08000260   0x00000006   Code   RO          325    .ARM.Collect$$_printf_percent$$00000011  c_w.l(_printf_llx.o)
    0x08000266   0x08000266   0x0000000a   Code   RO          321    .ARM.Collect$$_printf_percent$$00000012  c_w.l(_printf_l.o)
    0x08000270   0x08000270   0x00000006   Code   RO          303    .ARM.Collect$$_printf_percent$$00000013  c_w.l(_printf_c.o)
    0x08000276   0x08000276   0x00000006   Code   RO          304    .ARM.Collect$$_printf_percent$$00000014  c_w.l(_printf_s.o)
    0x0800027c   0x0800027c   0x00000006   Code   RO          322    .ARM.Collect$$_printf_percent$$00000015  c_w.l(_printf_lc.o)
    0x08000282   0x08000282   0x00000006   Code   RO          323    .ARM.Collect$$_printf_percent$$00000016  c_w.l(_printf_ls.o)
    0x08000288   0x08000288   0x00000004   Code   RO          371    .ARM.Collect$$_printf_percent$$00000017  c_w.l(_printf_percent_end.o)
    0x0800028c   0x0800028c   0x00000002   Code   RO          422    .ARM.Collect$$libinit$$00000000  c_w.l(libinit.o)
    0x0800028e   0x0800028e   0x00000004   Code   RO          439    .ARM.Collect$$libinit$$00000001  c_w.l(libinit2.o)
    0x08000292   0x08000292   0x00000000   Code   RO          442    .ARM.Collect$$libinit$$00000004  c_w.l(libinit2.o)
    0x08000292   0x08000292   0x00000000   Code   RO          444    .ARM.Collect$$libinit$$00000006  c_w.l(libinit2.o)
    0x08000292   0x08000292   0x00000000   Code   RO          447    .ARM.Collect$$libinit$$0000000C  c_w.l(libinit2.o)
    0x08000292   0x08000292   0x00000000   Code   RO          449    .ARM.Collect$$libinit$$0000000E  c_w.l(libinit2.o)
    0x08000292   0x08000292   0x00000000   Code   RO          451    .ARM.Collect$$libinit$$00000010  c_w.l(libinit2.o)
    0x08000292   0x08000292   0x00000006   Code   RO          452    .ARM.Collect$$libinit$$00000011  c_w.l(libinit2.o)
    0x08000298   0x08000298   0x00000000   Code   RO          454    .ARM.Collect$$libinit$$00000013  c_w.l(libinit2.o)
    0x08000298   0x08000298   0x0000000c   Code   RO          455    .ARM.Collect$$libinit$$00000014  c_w.l(libinit2.o)
    0x080002a4   0x080002a4   0x00000000   Code   RO          456    .ARM.Collect$$libinit$$00000015  c_w.l(libinit2.o)
    0x080002a4   0x080002a4   0x00000000   Code   RO          458    .ARM.Collect$$libinit$$00000017  c_w.l(libinit2.o)
    0x080002a4   0x080002a4   0x0000000a   Code   RO          459    .ARM.Collect$$libinit$$00000018  c_w.l(libinit2.o)
    0x080002ae   0x080002ae   0x00000000   Code   RO          460    .ARM.Collect$$libinit$$00000019  c_w.l(libinit2.o)
    0x080002ae   0x080002ae   0x00000000   Code   RO          462    .ARM.Collect$$libinit$$0000001B  c_w.l(libinit2.o)
    0x080002ae   0x080002ae   0x00000000   Code   RO          464    .ARM.Collect$$libinit$$0000001D  c_w.l(libinit2.o)
    0x080002ae   0x080002ae   0x00000000   Code   RO          466    .ARM.Collect$$libinit$$0000001F  c_w.l(libinit2.o)
    0x080002ae   0x080002ae   0x00000000   Code   RO          468    .ARM.Collect$$libinit$$00000021  c_w.l(libinit2.o)
    0x080002ae   0x080002ae   0x00000000   Code   RO          470    .ARM.Collect$$libinit$$00000023  c_w.l(libinit2.o)
    0x080002ae   0x080002ae   0x00000000   Code   RO          472    .ARM.Collect$$libinit$$00000025  c_w.l(libinit2.o)
    0x080002ae   0x080002ae   0x00000000   Code   RO          474    .ARM.Collect$$libinit$$00000027  c_w.l(libinit2.o)
    0x080002ae   0x080002ae   0x00000000   Code   RO          478    .ARM.Collect$$libinit$$0000002E  c_w.l(libinit2.o)
    0x080002ae   0x080002ae   0x00000000   Code   RO          480    .ARM.Collect$$libinit$$00000030  c_w.l(libinit2.o)
    0x080002ae   0x080002ae   0x00000000   Code   RO          482    .ARM.Collect$$libinit$$00000032  c_w.l(libinit2.o)
    0x080002ae   0x080002ae   0x00000000   Code   RO          484    .ARM.Collect$$libinit$$00000034  c_w.l(libinit2.o)
    0x080002ae   0x080002ae   0x00000002   Code   RO          485    .ARM.Collect$$libinit$$00000035  c_w.l(libinit2.o)
    0x080002b0   0x080002b0   0x00000002   Code   RO          509    .ARM.Collect$$libshutdown$$00000000  c_w.l(libshutdown.o)
    0x080002b2   0x080002b2   0x00000000   Code   RO          524    .ARM.Collect$$libshutdown$$00000002  c_w.l(libshutdown2.o)
    0x080002b2   0x080002b2   0x00000000   Code   RO          526    .ARM.Collect$$libshutdown$$00000004  c_w.l(libshutdown2.o)
    0x080002b2   0x080002b2   0x00000000   Code   RO          529    .ARM.Collect$$libshutdown$$00000007  c_w.l(libshutdown2.o)
    0x080002b2   0x080002b2   0x00000000   Code   RO          532    .ARM.Collect$$libshutdown$$0000000A  c_w.l(libshutdown2.o)
    0x080002b2   0x080002b2   0x00000000   Code   RO          534    .ARM.Collect$$libshutdown$$0000000C  c_w.l(libshutdown2.o)
    0x080002b2   0x080002b2   0x00000000   Code   RO          537    .ARM.Collect$$libshutdown$$0000000F  c_w.l(libshutdown2.o)
    0x080002b2   0x080002b2   0x00000002   Code   RO          538    .ARM.Collect$$libshutdown$$00000010  c_w.l(libshutdown2.o)
    0x080002b4   0x080002b4   0x00000000   Code   RO          234    .ARM.Collect$$rtentry$$00000000  c_w.l(__rtentry.o)
    0x080002b4   0x080002b4   0x00000000   Code   RO          340    .ARM.Collect$$rtentry$$00000002  c_w.l(__rtentry2.o)
    0x080002b4   0x080002b4   0x00000006   Code   RO          352    .ARM.Collect$$rtentry$$00000004  c_w.l(__rtentry4.o)
    0x080002ba   0x080002ba   0x00000000   Code   RO          342    .ARM.Collect$$rtentry$$00000009  c_w.l(__rtentry2.o)
    0x080002ba   0x080002ba   0x00000004   Code   RO          343    .ARM.Collect$$rtentry$$0000000A  c_w.l(__rtentry2.o)
    0x080002be   0x080002be   0x00000000   Code   RO          345    .ARM.Collect$$rtentry$$0000000C  c_w.l(__rtentry2.o)
    0x080002be   0x080002be   0x00000008   Code   RO          346    .ARM.Collect$$rtentry$$0000000D  c_w.l(__rtentry2.o)
    0x080002c6   0x080002c6   0x00000002   Code   RO          430    .ARM.Collect$$rtexit$$00000000  c_w.l(rtexit.o)
    0x080002c8   0x080002c8   0x00000000   Code   RO          487    .ARM.Collect$$rtexit$$00000002  c_w.l(rtexit2.o)
    0x080002c8   0x080002c8   0x00000004   Code   RO          488    .ARM.Collect$$rtexit$$00000003  c_w.l(rtexit2.o)
    0x080002cc   0x080002cc   0x00000006   Code   RO          489    .ARM.Collect$$rtexit$$00000004  c_w.l(rtexit2.o)
    0x080002d2   0x080002d2   0x00000002   PAD
    0x080002d4   0x080002d4   0x00000040   Code   RO          188  * .text               startup_stm32f407xx.o
    0x08000314   0x08000314   0x0000002c   Code   RO          210    .text               c_w.l(sprintf.o)
    0x08000340   0x08000340   0x00000008   Code   RO          212    .text               c_w.l(abs.o)
    0x08000348   0x08000348   0x00000006   Code   RO          214    .text               c_w.l(heapauxi.o)
    0x0800034e   0x0800034e   0x0000004e   Code   RO          237    .text               c_w.l(_printf_pad.o)
    0x0800039c   0x0800039c   0x00000024   Code   RO          239    .text               c_w.l(_printf_truncate.o)
    0x080003c0   0x080003c0   0x00000052   Code   RO          241    .text               c_w.l(_printf_str.o)
    0x08000412   0x08000412   0x00000002   PAD
    0x08000414   0x08000414   0x00000078   Code   RO          243    .text               c_w.l(_printf_dec.o)
    0x0800048c   0x0800048c   0x00000028   Code   RO          245    .text               c_w.l(_printf_charcount.o)
    0x080004b4   0x080004b4   0x00000030   Code   RO          247    .text               c_w.l(_printf_char_common.o)
    0x080004e4   0x080004e4   0x0000000a   Code   RO          249    .text               c_w.l(_sputc.o)
    0x080004ee   0x080004ee   0x00000002   PAD
    0x080004f0   0x080004f0   0x000000bc   Code   RO          251    .text               c_w.l(_printf_wctomb.o)
    0x080005ac   0x080005ac   0x0000007c   Code   RO          254    .text               c_w.l(_printf_longlong_dec.o)
    0x08000628   0x08000628   0x00000070   Code   RO          260    .text               c_w.l(_printf_oct_int_ll.o)
    0x08000698   0x08000698   0x00000094   Code   RO          280    .text               c_w.l(_printf_hex_int_ll_ptr.o)
    0x0800072c   0x0800072c   0x00000188   Code   RO          300    .text               c_w.l(__printf_flags_ss_wp.o)
    0x080008b4   0x080008b4   0x0000008a   Code   RO          354    .text               c_w.l(lludiv10.o)
    0x0800093e   0x0800093e   0x000000b2   Code   RO          356    .text               c_w.l(_printf_intcommon.o)
    0x080009f0   0x080009f0   0x0000041c   Code   RO          358    .text               c_w.l(_printf_fp_dec.o)
    0x08000e0c   0x08000e0c   0x000002fc   Code   RO          362    .text               c_w.l(_printf_fp_hex.o)
    0x08001108   0x08001108   0x0000002c   Code   RO          367    .text               c_w.l(_printf_char.o)
    0x08001134   0x08001134   0x0000002c   Code   RO          369    .text               c_w.l(_printf_wchar.o)
    0x08001160   0x08001160   0x00000048   Code   RO          372    .text               c_w.l(_c16rtomb.o)
    0x080011a8   0x080011a8   0x0000004a   Code   RO          374    .text               c_w.l(sys_stackheap_outer.o)
    0x080011f2   0x080011f2   0x00000002   PAD
    0x080011f4   0x080011f4   0x00000010   Code   RO          376    .text               c_w.l(rt_ctype_table.o)
    0x08001204   0x08001204   0x00000008   Code   RO          381    .text               c_w.l(rt_locale_intlibspace.o)
    0x0800120c   0x0800120c   0x00000080   Code   RO          383    .text               c_w.l(_printf_fp_infnan.o)
    0x0800128c   0x0800128c   0x000000e4   Code   RO          385    .text               c_w.l(bigflt0.o)
    0x08001370   0x08001370   0x00000012   Code   RO          415    .text               c_w.l(exit.o)
    0x08001382   0x08001382   0x00000002   PAD
    0x08001384   0x08001384   0x00000008   Code   RO          427    .text               c_w.l(libspace.o)
    0x0800138c   0x0800138c   0x00000004   PAD
    0x08001390   0x08001390   0x0000007c   Code   RO          437    .text               c_w.l(strcmpv7em.o)
    0x0800140c   0x0800140c   0x0000000c   Code   RO          499    .text               c_w.l(sys_exit.o)
    0x08001418   0x08001418   0x00000002   Code   RO          514    .text               c_w.l(use_no_semi.o)
    0x0800141a   0x0800141a   0x00000000   Code   RO          516    .text               c_w.l(indicate_semi.o)
    0x0800141a   0x0800141a   0x00000002   PAD
    0x0800141c   0x0800141c   0x000000c0   Code   RO          112    .text.ADC_Config    light_sensor.o
    0x080014dc   0x080014dc   0x00000034   Code   RO          114    .text.ADC_Read      light_sensor.o
    0x08001510   0x08001510   0x0000004c   Code   RO          169    .text.Beep_Timer_Init  buzzer.o
    0x0800155c   0x0800155c   0x000000a0   Code   RO          167    .text.Buzzer_Init   buzzer.o
    0x080015fc   0x080015fc   0x00000068   Code   RO          136    .text.GPIO_init     motion.o
    0x08001664   0x08001664   0x0000000a   Code   RO           56    .text.LCD_clearDisplay  lcd.o
    0x0800166e   0x0800166e   0x00000002   PAD
    0x08001670   0x08001670   0x00000134   Code   RO           50    .text.LCD_init      lcd.o
    0x080017a4   0x080017a4   0x00000030   Code   RO           58    .text.LCD_placeCursor  lcd.o
    0x080017d4   0x080017d4   0x00000024   Code   RO           48    .text.LCD_port_init  lcd.o
    0x080017f8   0x080017f8   0x0000003a   Code   RO           70    .text.LCD_printInt  lcd.o
    0x08001832   0x08001832   0x00000002   PAD
    0x08001834   0x08001834   0x00000046   Code   RO           68    .text.LCD_printString  lcd.o
    0x0800187a   0x0800187a   0x00000002   PAD
    0x0800187c   0x0800187c   0x0000011c   Code   RO           62    .text.LCD_sendData  lcd.o
    0x08001998   0x08001998   0x0000011c   Code   RO           54    .text.LCD_sendInstr  lcd.o
    0x08001ab4   0x08001ab4   0x00000138   Code   RO           52    .text.LCD_sendInstr_NBF  lcd.o
    0x08001bec   0x08001bec   0x0000003c   Code   RO          118    .text.LED_Control   light_sensor.o
    0x08001c28   0x08001c28   0x00000056   Code   RO          157    .text.LED_On        led_matrix.o
    0x08001c7e   0x08001c7e   0x00000002   PAD
    0x08001c80   0x08001c80   0x00000008   Code   RO          116    .text.LightSensor_Init  light_sensor.o
    0x08001c88   0x08001c88   0x0000025c   Code   RO           28    .text.Proxy_Distance  ultrasonic.o
    0x08001ee4   0x08001ee4   0x00000032   Code   RO           84    .text.SPI_Init      accelerometer.o
    0x08001f16   0x08001f16   0x00000002   PAD
    0x08001f18   0x08001f18   0x00000072   Code   RO           82    .text.SPI_Port_Init  accelerometer.o
    0x08001f8a   0x08001f8a   0x00000002   PAD
    0x08001f8c   0x08001f8c   0x0000004e   Code   RO           86    .text.SPI_Send      accelerometer.o
    0x08001fda   0x08001fda   0x00000002   PAD
    0x08001fdc   0x08001fdc   0x00000012   Code   RO          195    .text.SystemInit    system_stm32f4xx.o
    0x08001fee   0x08001fee   0x00000002   PAD
    0x08001ff0   0x08001ff0   0x000000c2   Code   RO          173    .text.TIM2_IRQHandler  buzzer.o
    0x080020b2   0x080020b2   0x00000006   PAD
    0x080020b8   0x080020b8   0x00000180   Code   RO           26    .text.TIM3_IRQHandler  ultrasonic.o
    0x08002238   0x08002238   0x00000042   Code   RO          151    .text.TIM5_IRQHandler  led_matrix.o
    0x0800227a   0x0800227a   0x00000002   PAD
    0x0800227c   0x0800227c   0x000000a0   Code   RO          153    .text.TIM5_Init     led_matrix.o
    0x0800231c   0x0800231c   0x00000052   Code   RO           14    .text.Ultrasonic_init  ultrasonic.o
    0x0800236e   0x0800236e   0x00000002   PAD
    0x08002370   0x08002370   0x00000068   Code   RO           16    .text.Ultrasonic_init_PWM  ultrasonic.o
    0x080023d8   0x080023d8   0x000000da   Code   RO           18    .text.Ultrasonic_init_input_capture  ultrasonic.o
    0x080024b2   0x080024b2   0x00000002   PAD
    0x080024b4   0x080024b4   0x00000030   Code   RO           22    .text.__NVIC_ClearPendingIRQ  ultrasonic.o
    0x080024e4   0x080024e4   0x00000030   Code   RO           24    .text.__NVIC_EnableIRQ  ultrasonic.o
    0x08002514   0x08002514   0x00000030   Code   RO          155    .text.__NVIC_EnableIRQ  led_matrix.o
    0x08002544   0x08002544   0x00000030   Code   RO          171    .text.__NVIC_EnableIRQ  buzzer.o
    0x08002574   0x08002574   0x00000042   Code   RO           20    .text.__NVIC_SetPriority  ultrasonic.o
    0x080025b6   0x080025b6   0x00000002   PAD
    0x080025b8   0x080025b8   0x0000001c   Code   RO           94    .text.accelerometer_Init  accelerometer.o
    0x080025d4   0x080025d4   0x0000004a   Code   RO           98    .text.accelerometer_Read_Axis  accelerometer.o
    0x0800261e   0x0800261e   0x00000002   PAD
    0x08002620   0x08002620   0x00000030   Code   RO           92    .text.accelerometer_Write_Register  accelerometer.o
    0x08002650   0x08002650   0x00000122   Code   RO          100    .text.accelerometer_handler  accelerometer.o
    0x08002772   0x08002772   0x00000002   PAD
    0x08002774   0x08002774   0x00000070   Code   RO           60    .text.check_BF      lcd.o
    0x080027e4   0x080027e4   0x0000001e   Code   RO           66    .text.clear_PIN     lcd.o
    0x08002802   0x08002802   0x00000002   PAD
    0x08002804   0x08002804   0x00000022   Code   RO           72    .text.delay         lcd.o
    0x08002826   0x08002826   0x00000002   PAD
    0x08002828   0x08002828   0x0000001a   Code   RO          120    .text.light_pulse   light_sensor.o
    0x08002842   0x08002842   0x00000002   PAD
    0x08002844   0x08002844   0x0000002a   Code   RO          124    .text.light_sensor_handler  light_sensor.o
    0x0800286e   0x0800286e   0x00000002   PAD
    0x08002870   0x08002870   0x000001d6   Code   RO            2    .text.main          main.o
    0x08002a46   0x08002a46   0x00000002   PAD
    0x08002a48   0x08002a48   0x0000000e   Code   RO          138    .text.motion_detected  motion.o
    0x08002a56   0x08002a56   0x00000002   PAD
    0x08002a58   0x08002a58   0x00000096   Code   RO          140    .text.motion_sensor_handler  motion.o
    0x08002aee   0x08002aee   0x00000002   PAD
    0x08002af0   0x08002af0   0x0000003c   Code   RO           88    .text.setCS         accelerometer.o
    0x08002b2c   0x08002b2c   0x0000001e   Code   RO           64    .text.set_PIN       lcd.o
    0x08002b4a   0x08002b4a   0x0000003e   Code   RO          388    CL$$btod_d2e        c_w.l(btod.o)
    0x08002b88   0x08002b88   0x00000046   Code   RO          390    CL$$btod_d2e_denorm_low  c_w.l(btod.o)
    0x08002bce   0x08002bce   0x00000060   Code   RO          389    CL$$btod_d2e_norm_op1  c_w.l(btod.o)
    0x08002c2e   0x08002c2e   0x00000002   PAD
    0x08002c30   0x08002c30   0x00000338   Code   RO          398    CL$$btod_div_common  c_w.l(btod.o)
    0x08002f68   0x08002f68   0x000000dc   Code   RO          395    CL$$btod_e2e        c_w.l(btod.o)
    0x08003044   0x08003044   0x0000002a   Code   RO          392    CL$$btod_ediv       c_w.l(btod.o)
    0x0800306e   0x0800306e   0x0000002a   Code   RO          391    CL$$btod_emul       c_w.l(btod.o)
    0x08003098   0x08003098   0x00000244   Code   RO          397    CL$$btod_mult_common  c_w.l(btod.o)
    0x080032dc   0x080032dc   0x00000030   Code   RO          425    i.__ARM_fpclassify  m_wm.l(fpclassify.o)
    0x0800330c   0x0800330c   0x0000000e   Code   RO          293    i._is_digit         c_w.l(__printf_wp.o)
    0x0800331a   0x0800331a   0x00000002   PAD
    0x0800331c   0x0800331c   0x0000002c   Code   RO          413    locale$$code        c_w.l(lc_numeric_c.o)
    0x08003348   0x08003348   0x0000002c   Code   RO          435    locale$$code        c_w.l(lc_ctype_c.o)
    0x08003374   0x08003374   0x000002b4   Code   RO          219    x$fpl$ddiv          fz_wm.l(ddiv.o)
    0x08003628   0x08003628   0x0000005e   Code   RO          222    x$fpl$dfix          fz_wm.l(dfix.o)
    0x08003686   0x08003686   0x00000026   Code   RO          226    x$fpl$dfltu         fz_wm.l(dflt_clz.o)
    0x080036ac   0x080036ac   0x00000154   Code   RO          232    x$fpl$dmul          fz_wm.l(dmul.o)
    0x08003800   0x08003800   0x0000009c   Code   RO          326    x$fpl$dnaninf       fz_wm.l(dnaninf.o)
    0x0800389c   0x0800389c   0x0000000c   Code   RO          328    x$fpl$dretinf       fz_wm.l(dretinf.o)
    0x080038a8   0x080038a8   0x0000001a   Code   RO          497    x$fpl$fpinit        fz_wm.l(fpinit.o)
    0x080038c2   0x080038c2   0x00000004   Code   RO          330    x$fpl$printf1       fz_wm.l(printf1.o)
    0x080038c6   0x080038c6   0x00000004   Code   RO          332    x$fpl$printf2       fz_wm.l(printf2.o)
    0x080038ca   0x080038ca   0x00000000   Code   RO          338    x$fpl$usenofp       fz_wm.l(usenofp.o)
    0x080038ca   0x080038ca   0x00000002   PAD
    0x080038cc   0x080038cc   0x00000008   Data   RO          252    .constdata          c_w.l(_printf_wctomb.o)
    0x080038d4   0x080038d4   0x00000028   Data   RO          281    .constdata          c_w.l(_printf_hex_int_ll_ptr.o)
    0x080038fc   0x080038fc   0x00000011   Data   RO          301    .constdata          c_w.l(__printf_flags_ss_wp.o)
    0x0800390d   0x0800390d   0x00000026   Data   RO          363    .constdata          c_w.l(_printf_fp_hex.o)
    0x08003933   0x08003933   0x00000001   PAD
    0x08003934   0x08003934   0x00000094   Data   RO          386    .constdata          c_w.l(bigflt0.o)
    0x080039c8   0x080039c8   0x00000066   Data   RO            6    .rodata.str1.1      main.o
    0x08003a2e   0x08003a2e   0x00000052   Data   RO           40    .rodata.str1.1      ultrasonic.o
    0x08003a80   0x08003a80   0x00000003   Data   RO           74    .rodata.str1.1      lcd.o
    0x08003a83   0x08003a83   0x00000001   PAD
    0x08003a84   0x08003a84   0x00000020   Data   RO          572    Region$$Table       anon$$obj.o
    0x08003aa4   0x08003aa4   0x0000001c   Data   RO          412    locale$$data        c_w.l(lc_numeric_c.o)
    0x08003ac0   0x08003ac0   0x00000110   Data   RO          434    locale$$data        c_w.l(lc_ctype_c.o)


    Execution Region ER_RW (Exec base: 0x20000000, Load base: 0x08003bd0, Size: 0x0000000c, Max: 0xffffffff, ABSOLUTE)

    Exec Addr    Load Addr    Size         Type   Attr      Idx    E Section Name        Object

    0x20000000   0x08003bd0   0x00000004   Data   RW           39    .data.Proxy_Distance.last_displayed_distance  ultrasonic.o
    0x20000004   0x08003bd4   0x00000004   Data   RW           36    .data.closest_distance  ultrasonic.o
    0x20000008   0x08003bd8   0x00000004   Data   RW           38    .data.last_threat_level  ultrasonic.o


    Execution Region ER_ZI (Exec base: 0x20000010, Load base: 0x08003bdc, Size: 0x000006b0, Max: 0xffffffff, ABSOLUTE)

    Exec Addr    Load Addr    Size         Type   Attr      Idx    E Section Name        Object

    0x20000010        -       0x00000060   Zero   RW          428    .bss                c_w.l(libspace.o)
    0x20000070        -       0x00000004   Zero   RW          159    .bss.TIM5_togglePin  led_matrix.o
    0x20000074        -       0x00000004   Zero   RW           30    .bss.begTime        ultrasonic.o
    0x20000078        -       0x00000004   Zero   RW          175    .bss.buzz_high      buzzer.o
    0x2000007c        -       0x00000004   Zero   RW          176    .bss.buzz_low       buzzer.o
    0x20000080        -       0x00000004   Zero   RW          178    .bss.buzz_power     buzzer.o
    0x20000084        -       0x00000001   Zero   RW          177    .bss.buzzer_state   buzzer.o
    0x20000085   0x08003bdc   0x00000003   PAD
    0x20000088        -       0x00000004   Zero   RW           33    .bss.count          ultrasonic.o
    0x2000008c   0x08003bdc   0x00000004   PAD
    0x20000090        -       0x00000008   Zero   RW           34    .bss.distance       ultrasonic.o
    0x20000098        -       0x00000008   Zero   RW           32    .bss.echoPulseSec   ultrasonic.o
    0x200000a0        -       0x00000004   Zero   RW           35    .bss.int_distance   ultrasonic.o
    0x200000a4        -       0x00000001   Zero   RW          143    .bss.motion_sensor_handler.active  motion.o
    0x200000a5   0x08003bdc   0x00000003   PAD
    0x200000a8        -       0x00000004   Zero   RW          142    .bss.motion_sensor_handler.motion_timer  motion.o
    0x200000ac        -       0x00000001   Zero   RW            5    .bss.motion_triggered  main.o
    0x200000ad   0x08003bdc   0x00000001   PAD
    0x200000ae        -       0x00000002   Zero   RW          102    .bss.preX           accelerometer.o
    0x200000b0        -       0x00000002   Zero   RW          103    .bss.preY           accelerometer.o
    0x200000b2        -       0x00000002   Zero   RW          104    .bss.preZ           accelerometer.o
    0x200000b4        -       0x00000001   Zero   RW          126    .bss.pul            light_sensor.o
    0x200000b5   0x08003bdc   0x00000003   PAD
    0x200000b8        -       0x00000004   Zero   RW           31    .bss.pulse          ultrasonic.o
    0x200000bc        -       0x00000001   Zero   RW            4    .bss.system_state   main.o
    0x200000bd        -       0x00000001   Zero   RW           37    .bss.threat_level   ultrasonic.o
    0x200000be   0x08003bdc   0x00000002   PAD
    0x200000c0        -       0x00000200   Zero   RW          186    HEAP                startup_stm32f407xx.o
    0x200002c0        -       0x00000400   Zero   RW          185    STACK               startup_stm32f407xx.o


==============================================================================

Image component sizes


      Code (inc. data)   RO Data    RW Data    ZI Data      Debug   Object Name

       742          0          0          0          6       3874   accelerometer.o
       478          0          0          0         13       4980   buzzer.o
      1616          0          3          0          0       4125   lcd.o
       360          0          0          0          4       4956   led_matrix.o
       380          0          0          0          1       3102   light_sensor.o
       470          0        102          0          2       1003   main.o
       268          0          0          0          5       1996   motion.o
        64         26        392          0       1536        872   startup_stm32f407xx.o
        18          0          0          0          0       2627   system_stm32f4xx.o
      1554         24         82         12         33       6939   ultrasonic.o

    ----------------------------------------------------------------------
      5998         50        612         12       1616      34474   Object Totals
         0          0         32          0          0          0   (incl. Generated)
        48          0          1          0         16          0   (incl. Padding)

    ----------------------------------------------------------------------

      Code (inc. data)   RO Data    RW Data    ZI Data      Debug   Library Member Name

         8          0          0          0          0         68   __main.o
       392          4         17          0          0         92   __printf_flags_ss_wp.o
        14          0          0          0          0         68   __printf_wp.o
         0          0          0          0          0          0   __rtentry.o
        12          0          0          0          0          0   __rtentry2.o
         6          0          0          0          0          0   __rtentry4.o
        52          8          0          0          0          0   __scatter.o
        26          0          0          0          0          0   __scatter_copy.o
        28          0          0          0          0          0   __scatter_zi.o
        72          0          0          0          0         96   _c16rtomb.o
         6          0          0          0          0          0   _printf_a.o
         6          0          0          0          0          0   _printf_c.o
        44          0          0          0          0        108   _printf_char.o
        48          6          0          0          0         96   _printf_char_common.o
        40          0          0          0          0         68   _printf_charcount.o
         6          0          0          0          0          0   _printf_d.o
       120         16          0          0          0         92   _printf_dec.o
         6          0          0          0          0          0   _printf_e.o
         6          0          0          0          0          0   _printf_f.o
      1052          0          0          0          0        148   _printf_fp_dec.o
       764          8         38          0          0        100   _printf_fp_hex.o
       128         16          0          0          0         84   _printf_fp_infnan.o
         6          0          0          0          0          0   _printf_g.o
       148          4         40          0          0        160   _printf_hex_int_ll_ptr.o
         6          0          0          0          0          0   _printf_i.o
       178          0          0          0          0         88   _printf_intcommon.o
        10          0          0          0          0          0   _printf_l.o
         6          0          0          0          0          0   _printf_lc.o
        10          0          0          0          0          0   _printf_ll.o
         6          0          0          0          0          0   _printf_lld.o
         6          0          0          0          0          0   _printf_lli.o
         6          0          0          0          0          0   _printf_llo.o
         6          0          0          0          0          0   _printf_llu.o
         6          0          0          0          0          0   _printf_llx.o
       124         16          0          0          0         92   _printf_longlong_dec.o
         6          0          0          0          0          0   _printf_ls.o
         6          0          0          0          0          0   _printf_n.o
         6          0          0          0          0          0   _printf_o.o
       112          8          0          0          0        124   _printf_oct_int_ll.o
         6          0          0          0          0          0   _printf_p.o
        78          0          0          0          0        108   _printf_pad.o
         0          0          0          0          0          0   _printf_percent.o
         4          0          0          0          0          0   _printf_percent_end.o
         6          0          0          0          0          0   _printf_s.o
        82          0          0          0          0         80   _printf_str.o
        36          0          0          0          0         84   _printf_truncate.o
         6          0          0          0          0          0   _printf_u.o
        44          0          0          0          0        108   _printf_wchar.o
       188          6          8          0          0         92   _printf_wctomb.o
         6          0          0          0          0          0   _printf_x.o
        10          0          0          0          0         68   _sputc.o
         8          0          0          0          0         68   abs.o
       228          4        148          0          0         96   bigflt0.o
      1936        128          0          0          0        668   btod.o
        18          0          0          0          0         80   exit.o
         6          0          0          0          0        152   heapauxi.o
         0          0          0          0          0          0   indicate_semi.o
        44         10        272          0          0         76   lc_ctype_c.o
        44         10         28          0          0         76   lc_numeric_c.o
         2          0          0          0          0          0   libinit.o
        34          0          0          0          0          0   libinit2.o
         2          0          0          0          0          0   libshutdown.o
         2          0          0          0          0          0   libshutdown2.o
         8          4          0          0         96         68   libspace.o
       138          0          0          0          0         80   lludiv10.o
        16          4          0          0          0         76   rt_ctype_table.o
         8          4          0          0          0         68   rt_locale_intlibspace.o
         2          0          0          0          0          0   rtexit.o
        10          0          0          0          0          0   rtexit2.o
        44          6          0          0          0         84   sprintf.o
       124          0          0          0          0         88   strcmpv7em.o
        12          4          0          0          0         68   sys_exit.o
        74          0          0          0          0         80   sys_stackheap_outer.o
         2          0          0          0          0         68   use_no_semi.o
       692        140          0          0          0        264   ddiv.o
        94          4          0          0          0        140   dfix.o
        38          0          0          0          0        116   dflt_clz.o
       340         12          0          0          0        152   dmul.o
       156          4          0          0          0        140   dnaninf.o
        12          0          0          0          0        116   dretinf.o
        26          0          0          0          0        116   fpinit.o
         4          0          0          0          0        116   printf1.o
         4          0          0          0          0        116   printf2.o
         0          0          0          0          0          0   usenofp.o
        48          0          0          0          0        124   fpclassify.o

    ----------------------------------------------------------------------
      8150        430        552          0         96       5320   Library Totals
        24          4          1          0          0          0   (incl. Padding)

    ----------------------------------------------------------------------

      Code (inc. data)   RO Data    RW Data    ZI Data      Debug   Library Name

      6712        266        551          0         96       3920   c_w.l
      1366        160          0          0          0       1276   fz_wm.l
        48          0          0          0          0        124   m_wm.l

    ----------------------------------------------------------------------
      8150        430        552          0         96       5320   Library Totals

    ----------------------------------------------------------------------

==============================================================================


      Code (inc. data)   RO Data    RW Data    ZI Data      Debug   

     14148        480       1164         12       1712      36754   Grand Totals
     14148        480       1164         12       1712      36754   ELF Image Totals
     14148        480       1164         12          0          0   ROM Totals

==============================================================================

    Total RO  Size (Code + RO Data)                15312 (  14.95kB)
    Total RW  Size (RW Data + ZI Data)              1724 (   1.68kB)
    Total ROM Size (Code + RO Data + RW Data)      15324 (  14.96kB)

==============================================================================

